Archive member included to satisfy reference by file (symbol)

..\Library\liblibrary.a(nrf24l01.c.obj)
                              CMakeFiles/nrf24l01_library.dir/Src/main.c.obj (nrf_driver_create_client)
c:/progra~2/gnuarm~1/102021~1.10/bin/../lib/gcc/arm-none-eabi/10.3.1/thumb/v6-m/nofp\libgcc.a(_dvmd_tls.o)
                              CMakeFiles/nrf24l01_library.dir/C_/Pico/pico-sdk/src/rp2_common/pico_divider/divider.S.obj (__aeabi_idiv0)
c:/progra~2/gnuarm~1/102021~1.10/bin/../lib/gcc/arm-none-eabi/10.3.1/../../../../arm-none-eabi/lib/thumb/v6-m/nofp\libg.a(lib_a-calloc.o)
                              CMakeFiles/nrf24l01_library.dir/C_/Pico/pico-sdk/src/rp2_common/pico_malloc/pico_malloc.c.obj (calloc)
c:/progra~2/gnuarm~1/102021~1.10/bin/../lib/gcc/arm-none-eabi/10.3.1/../../../../arm-none-eabi/lib/thumb/v6-m/nofp\libg.a(lib_a-callocr.o)
                              c:/progra~2/gnuarm~1/102021~1.10/bin/../lib/gcc/arm-none-eabi/10.3.1/../../../../arm-none-eabi/lib/thumb/v6-m/nofp\libg.a(lib_a-calloc.o) (_calloc_r)
c:/progra~2/gnuarm~1/102021~1.10/bin/../lib/gcc/arm-none-eabi/10.3.1/../../../../arm-none-eabi/lib/thumb/v6-m/nofp\libg.a(lib_a-errno.o)
                              c:/progra~2/gnuarm~1/102021~1.10/bin/../lib/gcc/arm-none-eabi/10.3.1/../../../../arm-none-eabi/lib/thumb/v6-m/nofp\libg.a(lib_a-callocr.o) (__errno)
c:/progra~2/gnuarm~1/102021~1.10/bin/../lib/gcc/arm-none-eabi/10.3.1/../../../../arm-none-eabi/lib/thumb/v6-m/nofp\libg.a(lib_a-impure.o)
                              c:/progra~2/gnuarm~1/102021~1.10/bin/../lib/gcc/arm-none-eabi/10.3.1/../../../../arm-none-eabi/lib/thumb/v6-m/nofp\libg.a(lib_a-calloc.o) (_impure_ptr)
c:/progra~2/gnuarm~1/102021~1.10/bin/../lib/gcc/arm-none-eabi/10.3.1/../../../../arm-none-eabi/lib/thumb/v6-m/nofp\libg.a(lib_a-init.o)
                              c:/progra~2/gnuarm~1/102021~1.10/bin/../lib/gcc/arm-none-eabi/10.3.1/../../../../arm-none-eabi/lib/thumb/v6-m/nofp/crt0.o (__libc_init_array)
c:/progra~2/gnuarm~1/102021~1.10/bin/../lib/gcc/arm-none-eabi/10.3.1/../../../../arm-none-eabi/lib/thumb/v6-m/nofp\libg.a(lib_a-malloc.o)
                              CMakeFiles/nrf24l01_library.dir/C_/Pico/pico-sdk/src/rp2_common/pico_malloc/pico_malloc.c.obj (malloc)
c:/progra~2/gnuarm~1/102021~1.10/bin/../lib/gcc/arm-none-eabi/10.3.1/../../../../arm-none-eabi/lib/thumb/v6-m/nofp\libg.a(lib_a-mallocr.o)
                              c:/progra~2/gnuarm~1/102021~1.10/bin/../lib/gcc/arm-none-eabi/10.3.1/../../../../arm-none-eabi/lib/thumb/v6-m/nofp\libg.a(lib_a-callocr.o) (_malloc_r)
c:/progra~2/gnuarm~1/102021~1.10/bin/../lib/gcc/arm-none-eabi/10.3.1/../../../../arm-none-eabi/lib/thumb/v6-m/nofp\libg.a(lib_a-mlock.o)
                              c:/progra~2/gnuarm~1/102021~1.10/bin/../lib/gcc/arm-none-eabi/10.3.1/../../../../arm-none-eabi/lib/thumb/v6-m/nofp\libg.a(lib_a-mallocr.o) (__malloc_lock)
c:/progra~2/gnuarm~1/102021~1.10/bin/../lib/gcc/arm-none-eabi/10.3.1/../../../../arm-none-eabi/lib/thumb/v6-m/nofp\libg.a(lib_a-realloc.o)
                              CMakeFiles/nrf24l01_library.dir/C_/Pico/pico-sdk/src/rp2_common/pico_malloc/pico_malloc.c.obj (realloc)
c:/progra~2/gnuarm~1/102021~1.10/bin/../lib/gcc/arm-none-eabi/10.3.1/../../../../arm-none-eabi/lib/thumb/v6-m/nofp\libg.a(lib_a-reallocr.o)
                              c:/progra~2/gnuarm~1/102021~1.10/bin/../lib/gcc/arm-none-eabi/10.3.1/../../../../arm-none-eabi/lib/thumb/v6-m/nofp\libg.a(lib_a-realloc.o) (_realloc_r)
c:/progra~2/gnuarm~1/102021~1.10/bin/../lib/gcc/arm-none-eabi/10.3.1/../../../../arm-none-eabi/lib/thumb/v6-m/nofp\libg.a(lib_a-sbrkr.o)
                              c:/progra~2/gnuarm~1/102021~1.10/bin/../lib/gcc/arm-none-eabi/10.3.1/../../../../arm-none-eabi/lib/thumb/v6-m/nofp\libg.a(lib_a-mallocr.o) (_sbrk_r)
c:/progra~2/gnuarm~1/102021~1.10/bin/../lib/gcc/arm-none-eabi/10.3.1/../../../../arm-none-eabi/lib/thumb/v6-m/nofp\libg.a(lib_a-strlen-stub.o)
                              CMakeFiles/nrf24l01_library.dir/C_/Pico/pico-sdk/src/rp2_common/pico_stdio/stdio.c.obj (strlen)
c:/progra~2/gnuarm~1/102021~1.10/bin/../lib/gcc/arm-none-eabi/10.3.1/../../../../arm-none-eabi/lib/thumb/v6-m/nofp\libg.a(lib_a-freer.o)
                              c:/progra~2/gnuarm~1/102021~1.10/bin/../lib/gcc/arm-none-eabi/10.3.1/../../../../arm-none-eabi/lib/thumb/v6-m/nofp\libg.a(lib_a-malloc.o) (_free_r)
c:/progra~2/gnuarm~1/102021~1.10/bin/../lib/gcc/arm-none-eabi/10.3.1/../../../../arm-none-eabi/lib/thumb/v6-m/nofp\libg.a(lib_a-lock.o)
                              c:/progra~2/gnuarm~1/102021~1.10/bin/../lib/gcc/arm-none-eabi/10.3.1/../../../../arm-none-eabi/lib/thumb/v6-m/nofp\libg.a(lib_a-mlock.o) (__retarget_lock_acquire_recursive)
c:/progra~2/gnuarm~1/102021~1.10/bin/../lib/gcc/arm-none-eabi/10.3.1/../../../../arm-none-eabi/lib/thumb/v6-m/nofp\libg.a(lib_a-memmove.o)
[...]
Memory Configuration

Name             Origin             Length             Attributes
FLASH            0x10000000         0x00200000         xr
RAM              0x20000000         0x00040000         xrw
SCRATCH_X        0x20040000         0x00001000         xrw
SCRATCH_Y        0x20041000         0x00001000         xrw
*default*        0x00000000         0xffffffff

Linker script and memory map

LOAD c:/progra~2/gnuarm~1/102021~1.10/bin/../lib/gcc/arm-none-eabi/10.3.1/thumb/v6-m/nofp/crti.o
LOAD c:/progra~2/gnuarm~1/102021~1.10/bin/../lib/gcc/arm-none-eabi/10.3.1/thumb/v6-m/nofp/crtbegin.o
LOAD c:/progra~2/gnuarm~1/102021~1.10/bin/../lib/gcc/arm-none-eabi/10.3.1/../../../../arm-none-eabi/lib/thumb/v6-m/nofp/crt0.o

.flash_begin    0x10000000        0x0
                0x10000000                __flash_binary_start = .

.boot2          0x10000000      0x100
                0x10000000                __boot2_start__ = .
 *(.boot2)
 .boot2         0x10000000      0x100 C:\Users\Turgay\AppData\Local\Temp\cc6MK7Ht.o
                0x10000100                __boot2_end__ = .
                0x00000001                ASSERT (((__boot2_end__ - __boot2_start__) == 0x100), ERROR: Pico second stage bootloader must be 256 bytes in size)

.text           0x10000100     0x7838
                0x10000100                __logical_binary_start = .
 *(.vectors)
 .vectors       0x10000100       0xd4 CMakeFiles/nrf24l01_library.dir/C_/Pico/pico-sdk/src/rp2_common/pico_standard_link/crt0.S.obj
                0x10000100                __VECTOR_TABLE
                0x10000100                __vectors
                0x100001c0                isr_invalid
                0x100001c0                __default_isrs_start
                0x100001c2                isr_nmi
                0x100001c4                isr_hardfault
                0x100001c6                isr_svcall
                0x100001c8                isr_pendsv
                0x100001ca                isr_systick
                0x100001cc                isr_irq23
                0x100001cc                isr_irq18
                0x100001cc                isr_irq11
                0x100001cc                isr_irq28
                0x100001cc                isr_irq19
                0x100001cc                isr_irq0
                0x100001cc                isr_irq6
                0x100001cc                isr_irq5
                0x100001cc                isr_irq12
                0x100001cc                isr_irq22
                0x100001cc                isr_irq31
                0x100001cc                isr_irq17
                0x100001cc                isr_irq27
                0x100001cc                isr_irq30
                0x100001cc                isr_irq2
                0x100001cc                isr_irq10
                0x100001cc                isr_irq8
                0x100001cc                isr_irq24
                0x100001cc                isr_irq1
                0x100001cc                isr_irq7
                0x100001cc                isr_irq21
                0x100001cc                isr_irq20
                0x100001cc                isr_irq15
                0x100001cc                isr_irq25
                0x100001cc                isr_irq13
                0x100001cc                __unhandled_user_irq
                0x100001cc                isr_irq4
                0x100001cc                isr_irq16
                0x100001cc                isr_irq29
                0x100001cc                isr_irq26
                0x100001cc                __default_isrs_end
                0x100001cc                isr_irq3
                0x100001cc                isr_irq14
                0x100001cc                isr_irq9
                0x100001d2                unhandled_user_irq_num_in_r0
 *(.binary_info_header)
 .binary_info_header
                0x100001d4       0x14 CMakeFiles/nrf24l01_library.dir/C_/Pico/pico-sdk/src/rp2_common/pico_standard_link/crt0.S.obj
                0x100001e8                __binary_info_header_end = .
 *(.reset)
 .reset         0x100001e8       0xa0 CMakeFiles/nrf24l01_library.dir/C_/Pico/pico-sdk/src/rp2_common/pico_standard_link/crt0.S.obj
                0x100001e8                _entry_point
 .reset         0x10000288       0x30 CMakeFiles/nrf24l01_library.dir/C_/Pico/pico-sdk/src/rp2_common/pico_standard_link/binary_info.c.obj
 *(.init)
 .init          0x100002b8        0x4 c:/progra~2/gnuarm~1/102021~1.10/bin/../lib/gcc/arm-none-eabi/10.3.1/thumb/v6-m/nofp/crti.o
                0x100002b8                _init
 *(EXCLUDE_FILE(*libm.a: *libc.a:*lib_a-mem*.o *libgcc.a:) .text*)
 .text          0x100002bc       0x48 c:/progra~2/gnuarm~1/102021~1.10/bin/../lib/gcc/arm-none-eabi/10.3.1/thumb/v6-m/nofp/crtbegin.o
 .text.main     0x10000304      0x150 CMakeFiles/nrf24l01_library.dir/Src/main.c.obj
                0x10000304                main
 .text.spi_set_baudrate
                0x10000454       0x92 CMakeFiles/nrf24l01_library.dir/C_/Pico/pico-sdk/src/rp2_common/hardware_spi/spi.c.obj
                0x10000454                spi_set_baudrate
 *fill*         0x100004e6        0x2 
 .text.spi_init
                0x100004e8       0x68 CMakeFiles/nrf24l01_library.dir/C_/Pico/pico-sdk/src/rp2_common/hardware_spi/spi.c.obj
                0x100004e8                spi_init
 .text.running_on_fpga
                0x10000550       0x14 CMakeFiles/nrf24l01_library.dir/C_/Pico/pico-sdk/src/rp2_common/pico_platform/platform.c.obj
                0x10000550                running_on_fpga
 .text.hw_claim_lock
                0x10000564       0x18 CMakeFiles/nrf24l01_library.dir/C_/Pico/pico-sdk/src/rp2_common/hardware_claim/claim.c.obj
                0x10000564                hw_claim_lock
 .text.hw_claim_unlock
                0x1000057c       0x14 CMakeFiles/nrf24l01_library.dir/C_/Pico/pico-sdk/src/rp2_common/hardware_claim/claim.c.obj
                0x1000057c                hw_claim_unlock
 .text.hw_claim_or_assert
                0x10000590       0x32 CMakeFiles/nrf24l01_library.dir/C_/Pico/pico-sdk/src/rp2_common/hardware_claim/claim.c.obj
                0x10000590                hw_claim_or_assert
 .text.hw_claim_unused_from_range
                0x100005c2       0x50 CMakeFiles/nrf24l01_library.dir/C_/Pico/pico-sdk/src/rp2_common/hardware_claim/claim.c.obj
                0x100005c2                hw_claim_unused_from_range
 *fill*         0x10000612        0x2 
 .text.spin_locks_reset
                0x10000614       0x20 CMakeFiles/nrf24l01_library.dir/C_/Pico/pico-sdk/src/rp2_common/hardware_sync/sync.c.obj
                0x10000614                spin_locks_reset
 .text.next_striped_spin_lock_num
                0x10000634       0x1c CMakeFiles/nrf24l01_library.dir/C_/Pico/pico-sdk/src/rp2_common/hardware_sync/sync.c.obj
                0x10000634                next_striped_spin_lock_num
 .text.spin_lock_claim_unused
                0x10000650       0x20 CMakeFiles/nrf24l01_library.dir/C_/Pico/pico-sdk/src/rp2_common/hardware_sync/sync.c.obj
                0x10000650                spin_lock_claim_unused
 .text.clock_configure
                0x10000670      0x104 CMakeFiles/nrf24l01_library.dir/C_/Pico/pico-sdk/src/rp2_common/hardware_clocks/clocks.c.obj
                0x10000670                clock_configure
 .text.clocks_init
                0x10000774      0x100 CMakeFiles/nrf24l01_library.dir/C_/Pico/pico-sdk/src/rp2_common/hardware_clocks/clocks.c.obj
                0x10000774                clocks_init
 .text.clock_get_hz
                0x10000874        0xc CMakeFiles/nrf24l01_library.dir/C_/Pico/pico-sdk/src/rp2_common/hardware_clocks/clocks.c.obj
                0x10000874                clock_get_hz
 .text.gpio_set_function
                0x10000880       0x30 CMakeFiles/nrf24l01_library.dir/C_/Pico/pico-sdk/src/rp2_common/hardware_gpio/gpio.c.obj
                0x10000880                gpio_set_function
 .text.gpio_init
                0x100008b0       0x16 CMakeFiles/nrf24l01_library.dir/C_/Pico/pico-sdk/src/rp2_common/hardware_gpio/gpio.c.obj
                0x100008b0                gpio_init
 *fill*         0x100008c6        0x2 
 .text.set_raw_irq_handler_and_unlock
                0x100008c8       0x28 CMakeFiles/nrf24l01_library.dir/C_/Pico/pico-sdk/src/rp2_common/hardware_irq/irq.c.obj
 .text.make_branch
                0x100008f0       0x48 CMakeFiles/nrf24l01_library.dir/C_/Pico/pico-sdk/src/rp2_common/hardware_irq/irq.c.obj
 .text.insert_branch_and_link
                0x10000938       0x40 CMakeFiles/nrf24l01_library.dir/C_/Pico/pico-sdk/src/rp2_common/hardware_irq/irq.c.obj
 .text.irq_is_enabled
                0x10000978       0x18 CMakeFiles/nrf24l01_library.dir/C_/Pico/pico-sdk/src/rp2_common/hardware_irq/irq.c.obj
                0x10000978                irq_is_enabled
 .text.irq_set_mask_enabled
                0x10000990       0x20 CMakeFiles/nrf24l01_library.dir/C_/Pico/pico-sdk/src/rp2_common/hardware_irq/irq.c.obj
                0x10000990                irq_set_mask_enabled
 .text.irq_set_enabled
                0x100009b0        0xe CMakeFiles/nrf24l01_library.dir/C_/Pico/pico-sdk/src/rp2_common/hardware_irq/irq.c.obj
                0x100009b0                irq_set_enabled
 *fill*         0x100009be        0x2 
 .text.irq_set_pending
                0x100009c0       0x10 CMakeFiles/nrf24l01_library.dir/C_/Pico/pico-sdk/src/rp2_common/hardware_irq/irq.c.obj
                0x100009c0                irq_set_pending
 .text.irq_get_vtable_handler
                0x100009d0       0x10 CMakeFiles/nrf24l01_library.dir/C_/Pico/pico-sdk/src/rp2_common/hardware_irq/irq.c.obj
                0x100009d0                irq_get_vtable_handler
 .text.irq_has_shared_handler
                0x100009e0       0x24 CMakeFiles/nrf24l01_library.dir/C_/Pico/pico-sdk/src/rp2_common/hardware_irq/irq.c.obj
                0x100009e0                irq_has_shared_handler
 .text.irq_set_exclusive_handler
                0x10000a04       0x54 CMakeFiles/nrf24l01_library.dir/C_/Pico/pico-sdk/src/rp2_common/hardware_irq/irq.c.obj
                0x10000a04                irq_set_exclusive_handler
 .text.irq_add_shared_handler
                0x10000a58      0x234 CMakeFiles/nrf24l01_library.dir/C_/Pico/pico-sdk/src/rp2_common/hardware_irq/irq.c.obj
                0x10000a58                irq_add_shared_handler
 .text.irq_remove_handler
                0x10000c8c      0x1ac CMakeFiles/nrf24l01_library.dir/C_/Pico/pico-sdk/src/rp2_common/hardware_irq/irq.c.obj
                0x10000c8c                irq_remove_handler
 .text.irq_add_tail_to_free_list
                0x10000e38       0xf0 CMakeFiles/nrf24l01_library.dir/C_/Pico/pico-sdk/src/rp2_common/hardware_irq/irq.c.obj
                0x10000e38                irq_add_tail_to_free_list
 .text.irq_init_priorities
                0x10000f28       0x1c CMakeFiles/nrf24l01_library.dir/C_/Pico/pico-sdk/src/rp2_common/hardware_irq/irq.c.obj
                0x10000f28                irq_init_priorities
 .text.user_irq_claim_unused
                0x10000f44       0x28 CMakeFiles/nrf24l01_library.dir/C_/Pico/pico-sdk/src/rp2_common/hardware_irq/irq.c.obj
                0x10000f44                user_irq_claim_unused
 .text.lock_init
                0x10000f6c       0x10 CMakeFiles/nrf24l01_library.dir/C_/Pico/pico-sdk/src/common/pico_sync/lock_core.c.obj
                0x10000f6c                lock_init
 .text.mutex_init
                0x10000f7c       0x1a CMakeFiles/nrf24l01_library.dir/C_/Pico/pico-sdk/src/common/pico_sync/mutex.c.obj
                0x10000f7c                mutex_init
 .text.recursive_mutex_init
                0x10000f96       0x1e CMakeFiles/nrf24l01_library.dir/C_/Pico/pico-sdk/src/common/pico_sync/mutex.c.obj
                0x10000f96                recursive_mutex_init
 .text.critical_section_init_with_lock_num
                0x10000fb4       0x14 CMakeFiles/nrf24l01_library.dir/C_/Pico/pico-sdk/src/common/pico_sync/critical_section.c.obj
                0x10000fb4                critical_section_init_with_lock_num
 .text.critical_section_init
                0x10000fc8       0x14 CMakeFiles/nrf24l01_library.dir/C_/Pico/pico-sdk/src/common/pico_sync/critical_section.c.obj
                0x10000fc8                critical_section_init
 .text.alarm_pool_post_alloc_init
                0x10000fdc       0x40 CMakeFiles/nrf24l01_library.dir/C_/Pico/pico-sdk/src/common/pico_time/time.c.obj
 .text.sleep_until_callback
                0x1000101c       0x30 CMakeFiles/nrf24l01_library.dir/C_/Pico/pico-sdk/src/common/pico_time/time.c.obj
 .text.timer_pool_entry_comparator
                0x1000104c       0x7c CMakeFiles/nrf24l01_library.dir/C_/Pico/pico-sdk/src/common/pico_time/time.c.obj
                0x1000104c                timer_pool_entry_comparator
 .text.ph_add_child_node
                0x100010c8       0xa4 CMakeFiles/nrf24l01_library.dir/C_/Pico/pico-sdk/src/common/pico_time/time.c.obj
 .text.ph_merge_nodes
                0x1000116c       0x3e CMakeFiles/nrf24l01_library.dir/C_/Pico/pico-sdk/src/common/pico_time/time.c.obj
 *fill*         0x100011aa        0x2 
 .text.add_alarm_under_lock
                0x100011ac      0x174 CMakeFiles/nrf24l01_library.dir/C_/Pico/pico-sdk/src/common/pico_time/time.c.obj
 .text.alarm_pool_alarm_callback
                0x10001320      0x33c CMakeFiles/nrf24l01_library.dir/C_/Pico/pico-sdk/src/common/pico_time/time.c.obj
 .text.alarm_pool_init_default
                0x1000165c       0x40 CMakeFiles/nrf24l01_library.dir/C_/Pico/pico-sdk/src/common/pico_time/time.c.obj
                0x1000165c                alarm_pool_init_default
 .text.alarm_pool_get_default
                0x1000169c       0x2c CMakeFiles/nrf24l01_library.dir/C_/Pico/pico-sdk/src/common/pico_time/time.c.obj
                0x1000169c                alarm_pool_get_default
 .text.alarm_pool_add_alarm_at
                0x100016c8      0x168 CMakeFiles/nrf24l01_library.dir/C_/Pico/pico-sdk/src/common/pico_time/time.c.obj
                0x100016c8                alarm_pool_add_alarm_at
 .text.alarm_pool_cancel_alarm
                0x10001830       0xf0 CMakeFiles/nrf24l01_library.dir/C_/Pico/pico-sdk/src/common/pico_time/time.c.obj
                0x10001830                alarm_pool_cancel_alarm
 .text.alarm_pool_core_num
                0x10001920        0x4 CMakeFiles/nrf24l01_library.dir/C_/Pico/pico-sdk/src/common/pico_time/time.c.obj
                0x10001920                alarm_pool_core_num
 .text.sleep_until
                0x10001924       0xfc CMakeFiles/nrf24l01_library.dir/C_/Pico/pico-sdk/src/common/pico_time/time.c.obj
                0x10001924                sleep_until
 .text.sleep_us
                0x10001a20       0x58 CMakeFiles/nrf24l01_library.dir/C_/Pico/pico-sdk/src/common/pico_time/time.c.obj
                0x10001a20                sleep_us
 .text.sleep_ms
                0x10001a78       0x14 CMakeFiles/nrf24l01_library.dir/C_/Pico/pico-sdk/src/common/pico_time/time.c.obj
                0x10001a78                sleep_ms
 .text.best_effort_wfe_or_timeout
                0x10001a8c       0xac CMakeFiles/nrf24l01_library.dir/C_/Pico/pico-sdk/src/common/pico_time/time.c.obj
                0x10001a8c                best_effort_wfe_or_timeout
 .text.hardware_alarm_irq_handler
                0x10001b38       0x90 CMakeFiles/nrf24l01_library.dir/C_/Pico/pico-sdk/src/rp2_common/hardware_timer/timer.c.obj
 .text.hardware_alarm_claim
                0x10001bc8       0x18 CMakeFiles/nrf24l01_library.dir/C_/Pico/pico-sdk/src/rp2_common/hardware_timer/timer.c.obj
                0x10001bc8                hardware_alarm_claim
 .text.time_us_64
                0x10001be0       0x18 CMakeFiles/nrf24l01_library.dir/C_/Pico/pico-sdk/src/rp2_common/hardware_timer/timer.c.obj
                0x10001be0                time_us_64
 .text.busy_wait_until
                0x10001bf8       0x28 CMakeFiles/nrf24l01_library.dir/C_/Pico/pico-sdk/src/rp2_common/hardware_timer/timer.c.obj
                0x10001bf8                busy_wait_until
 .text.hardware_alarm_set_callback
                0x10001c20       0x90 CMakeFiles/nrf24l01_library.dir/C_/Pico/pico-sdk/src/rp2_common/hardware_timer/timer.c.obj
                0x10001c20                hardware_alarm_set_callback
 .text.hardware_alarm_set_target
                0x10001cb0       0xe8 CMakeFiles/nrf24l01_library.dir/C_/Pico/pico-sdk/src/rp2_common/hardware_timer/timer.c.obj
                0x10001cb0                hardware_alarm_set_target
 .text.hardware_alarm_cancel
                0x10001d98       0x40 CMakeFiles/nrf24l01_library.dir/C_/Pico/pico-sdk/src/rp2_common/hardware_timer/timer.c.obj
                0x10001d98                hardware_alarm_cancel
 .text.ph_add_child_node
                0x10001dd8       0xa4 CMakeFiles/nrf24l01_library.dir/C_/Pico/pico-sdk/src/common/pico_util/pheap.c.obj
 .text.ph_merge_nodes
                0x10001e7c       0x3e CMakeFiles/nrf24l01_library.dir/C_/Pico/pico-sdk/src/common/pico_util/pheap.c.obj
 *fill*         0x10001eba        0x2 
 .text.ph_clear
                0x10001ebc       0x70 CMakeFiles/nrf24l01_library.dir/C_/Pico/pico-sdk/src/common/pico_util/pheap.c.obj
                0x10001ebc                ph_clear
 .text.ph_post_alloc_init
                0x10001f2c        0xe CMakeFiles/nrf24l01_library.dir/C_/Pico/pico-sdk/src/common/pico_util/pheap.c.obj
                0x10001f2c                ph_post_alloc_init
 *fill*         0x10001f3a        0x2 
 .text.ph_merge_two_pass
                0x10001f3c       0xa8 CMakeFiles/nrf24l01_library.dir/C_/Pico/pico-sdk/src/common/pico_util/pheap.c.obj
                0x10001f3c                ph_merge_two_pass
 .text.ph_remove_any_head
                0x10001fe4      0x128 CMakeFiles/nrf24l01_library.dir/C_/Pico/pico-sdk/src/common/pico_util/pheap.c.obj
 .text.ph_remove_head
                0x1000210c       0x14 CMakeFiles/nrf24l01_library.dir/C_/Pico/pico-sdk/src/common/pico_util/pheap.c.obj
                0x1000210c                ph_remove_head
 .text.ph_remove_and_free_node
                0x10002120       0xf8 CMakeFiles/nrf24l01_library.dir/C_/Pico/pico-sdk/src/common/pico_util/pheap.c.obj
                0x10002120                ph_remove_and_free_node
 .text.pll_init
                0x10002218      0x12c CMakeFiles/nrf24l01_library.dir/C_/Pico/pico-sdk/src/rp2_common/hardware_pll/pll.c.obj
                0x10002218                pll_init
 .text.watchdog_start_tick
                0x10002344       0x10 CMakeFiles/nrf24l01_library.dir/C_/Pico/pico-sdk/src/rp2_common/hardware_watchdog/watchdog.c.obj
                0x10002344                watchdog_start_tick
 .text.watchdog_update
                0x10002354       0x14 CMakeFiles/nrf24l01_library.dir/C_/Pico/pico-sdk/src/rp2_common/hardware_watchdog/watchdog.c.obj
                0x10002354                watchdog_update
 .text._watchdog_enable
                0x10002368       0x78 CMakeFiles/nrf24l01_library.dir/C_/Pico/pico-sdk/src/rp2_common/hardware_watchdog/watchdog.c.obj
                0x10002368                _watchdog_enable
 .text.watchdog_reboot
                0x100023e0       0x48 CMakeFiles/nrf24l01_library.dir/C_/Pico/pico-sdk/src/rp2_common/hardware_watchdog/watchdog.c.obj
                0x100023e0                watchdog_reboot
 .text.xosc_init
                0x10002428       0x28 CMakeFiles/nrf24l01_library.dir/C_/Pico/pico-sdk/src/rp2_common/hardware_xosc/xosc.c.obj
                0x10002428                xosc_init
 .text._exit    0x10002450        0x4 CMakeFiles/nrf24l01_library.dir/C_/Pico/pico-sdk/src/rp2_common/pico_runtime/runtime.c.obj
                0x10002450                _exit
 .text.exit     0x10002454        0x6 CMakeFiles/nrf24l01_library.dir/C_/Pico/pico-sdk/src/rp2_common/pico_runtime/runtime.c.obj
                0x10002454                exit
 *fill*         0x1000245a        0x2 
 .text.__assert_func
                0x1000245c       0x3c CMakeFiles/nrf24l01_library.dir/C_/Pico/pico-sdk/src/rp2_common/pico_runtime/runtime.c.obj
                0x1000245c                __assert_func
 .text.runtime_init
                0x10002498       0xf8 CMakeFiles/nrf24l01_library.dir/C_/Pico/pico-sdk/src/rp2_common/pico_runtime/runtime.c.obj
                0x10002498                runtime_init
 .text.panic    0x10002590       0x30 CMakeFiles/nrf24l01_library.dir/C_/Pico/pico-sdk/src/rp2_common/pico_runtime/runtime.c.obj
                0x10002590                panic
 .text._out_null
                0x100025c0        0x2 CMakeFiles/nrf24l01_library.dir/C_/Pico/pico-sdk/src/rp2_common/pico_printf/printf.c.obj
 .text._out_fct
                0x100025c2        0xe CMakeFiles/nrf24l01_library.dir/C_/Pico/pico-sdk/src/rp2_common/pico_printf/printf.c.obj
 .text._atoi    0x100025d0       0x24 CMakeFiles/nrf24l01_library.dir/C_/Pico/pico-sdk/src/rp2_common/pico_printf/printf.c.obj
 .text._out_rev
                0x100025f4       0xae CMakeFiles/nrf24l01_library.dir/C_/Pico/pico-sdk/src/rp2_common/pico_printf/printf.c.obj
 .text._ntoa_format
                0x100026a2      0x112 CMakeFiles/nrf24l01_library.dir/C_/Pico/pico-sdk/src/rp2_common/pico_printf/printf.c.obj
 .text._ntoa_long
                0x100027b4       0xbc CMakeFiles/nrf24l01_library.dir/C_/Pico/pico-sdk/src/rp2_common/pico_printf/printf.c.obj
 .text._ntoa_long_long
                0x10002870       0xe2 CMakeFiles/nrf24l01_library.dir/C_/Pico/pico-sdk/src/rp2_common/pico_printf/printf.c.obj
 *fill*         0x10002952        0x2 
 .text._etoa    0x10002954      0x414 CMakeFiles/nrf24l01_library.dir/C_/Pico/pico-sdk/src/rp2_common/pico_printf/printf.c.obj
 .text._ftoa    0x10002d68      0x354 CMakeFiles/nrf24l01_library.dir/C_/Pico/pico-sdk/src/rp2_common/pico_printf/printf.c.obj
 .text._vsnprintf
                0x100030bc      0x624 CMakeFiles/nrf24l01_library.dir/C_/Pico/pico-sdk/src/rp2_common/pico_printf/printf.c.obj
 .text.vfctprintf
                0x100036e0       0x20 CMakeFiles/nrf24l01_library.dir/C_/Pico/pico-sdk/src/rp2_common/pico_printf/printf.c.obj
                0x100036e0                vfctprintf
 .text          0x10003700       0x10 CMakeFiles/nrf24l01_library.dir/C_/Pico/pico-sdk/src/rp2_common/pico_bit_ops/bit_ops_aeabi.S.obj
 .text.rom_func_lookup
                0x10003710       0x10 CMakeFiles/nrf24l01_library.dir/C_/Pico/pico-sdk/src/rp2_common/pico_bootrom/bootrom.c.obj
                0x10003710                rom_func_lookup
 .text.rom_data_lookup
                0x10003720       0x10 CMakeFiles/nrf24l01_library.dir/C_/Pico/pico-sdk/src/rp2_common/pico_bootrom/bootrom.c.obj
                0x10003720                rom_data_lookup
 .text.rom_funcs_lookup
                0x10003730       0x36 CMakeFiles/nrf24l01_library.dir/C_/Pico/pico-sdk/src/rp2_common/pico_bootrom/bootrom.c.obj
                0x10003730                rom_funcs_lookup
 *fill*         0x10003766        0x2 
 .text.__wrap___aeabi_idiv
                0x10003768       0x50 CMakeFiles/nrf24l01_library.dir/C_/Pico/pico-sdk/src/rp2_common/pico_divider/divider.S.obj
                0x10003768                __wrap___aeabi_idivmod
                0x10003768                divmod_s32s32
                0x10003768                div_s32s32
                0x10003768                __wrap___aeabi_idiv
                0x10003770                divmod_s32s32_unsafe
                0x1000379c                divmod_s32s32_savestate
 .text.__wrap___aeabi_uidiv
                0x100037b8       0x4c CMakeFiles/nrf24l01_library.dir/C_/Pico/pico-sdk/src/rp2_common/pico_divider/divider.S.obj
                0x100037b8                __wrap___aeabi_uidiv
                0x100037b8                __wrap___aeabi_uidivmod
                0x100037b8                div_u32u32
                0x100037b8                divmod_u32u32
                0x100037c0                divmod_u32u32_unsafe
                0x100037e8                divmod_u32u32_savestate
 .text.__wrap___aeabi_ldiv
                0x10003804      0x424 CMakeFiles/nrf24l01_library.dir/C_/Pico/pico-sdk/src/rp2_common/pico_divider/divider.S.obj
                0x10003804                div_s64s64
                0x10003804                divmod_s64s64
                0x10003804                __wrap___aeabi_ldivmod
                0x10003834                divmod_u64u64
                0x10003834                div_u64u64
                0x10003834                __wrap___aeabi_uldivmod
                0x10003844                divmod_u64u64_savestate
                0x10003864                divmod_s64s64_unsafe
                0x100038ec                divmod_u64u64_unsafe
 .text.__wrap___aeabi_darithmetic
                0x10003c28       0x80 CMakeFiles/nrf24l01_library.dir/C_/Pico/pico-sdk/src/rp2_common/pico_double/double_aeabi.S.obj
                0x10003c28                __wrap___aeabi_drsub
                0x10003c2e                __wrap___aeabi_dsub
                0x10003c40                __wrap___aeabi_dadd
                0x10003c52                __wrap___aeabi_ddiv
                0x10003c8e                __wrap___aeabi_dmul
 .text.__wrap___aeabi_cdcmple
                0x10003ca8       0x6c CMakeFiles/nrf24l01_library.dir/C_/Pico/pico-sdk/src/rp2_common/pico_double/double_aeabi.S.obj
                0x10003ca8                __wrap___aeabi_cdrcmple
                0x10003cb8                __wrap___aeabi_cdcmpeq
                0x10003cb8                __wrap___aeabi_cdcmple
 .text.__wrap___aeabi_dcmplt
                0x10003d14        0xc CMakeFiles/nrf24l01_library.dir/C_/Pico/pico-sdk/src/rp2_common/pico_double/double_aeabi.S.obj
                0x10003d14                __wrap___aeabi_dcmplt
 .text.__wrap___aeabi_dcmple
                0x10003d20       0x10 CMakeFiles/nrf24l01_library.dir/C_/Pico/pico-sdk/src/rp2_common/pico_double/double_aeabi.S.obj
                0x10003d20                __wrap___aeabi_dcmple
 .text.__wrap___aeabi_dcmpge
                0x10003d30       0x10 CMakeFiles/nrf24l01_library.dir/C_/Pico/pico-sdk/src/rp2_common/pico_double/double_aeabi.S.obj
                0x10003d30                __wrap___aeabi_dcmpge
 .text.__wrap___aeabi_dcmpgt
                0x10003d40        0xa CMakeFiles/nrf24l01_library.dir/C_/Pico/pico-sdk/src/rp2_common/pico_double/double_aeabi.S.obj
                0x10003d40                __wrap___aeabi_dcmpgt
 .text.__wrap___aeabi_dcmpun
                0x10003d4a       0x1c CMakeFiles/nrf24l01_library.dir/C_/Pico/pico-sdk/src/rp2_common/pico_double/double_aeabi.S.obj
                0x10003d4a                __wrap___aeabi_dcmpun
 *fill*         0x10003d66        0x2 
 .text.__wrap___aeabi_i2d
                0x10003d68       0x38 CMakeFiles/nrf24l01_library.dir/C_/Pico/pico-sdk/src/rp2_common/pico_double/double_aeabi.S.obj
                0x10003d68                __wrap___aeabi_ui2d
                0x10003d70                __wrap___aeabi_i2d
 .text.__wrap___aeabi_d2iz
                0x10003da0       0x48 CMakeFiles/nrf24l01_library.dir/C_/Pico/pico-sdk/src/rp2_common/pico_double/double_aeabi.S.obj
                0x10003da0                double2int_z
                0x10003da0                __wrap___aeabi_d2iz
 .text.__wrap___aeabi_d2uiz
                0x10003de8       0x18 CMakeFiles/nrf24l01_library.dir/C_/Pico/pico-sdk/src/rp2_common/pico_double/double_aeabi.S.obj
                0x10003de8                __wrap___aeabi_d2uiz
                0x10003de8                double2uint
 .text.__aeabi_double_init
                0x10003e00       0xc8 CMakeFiles/nrf24l01_library.dir/C_/Pico/pico-sdk/src/rp2_common/pico_double/double_init_rom.c.obj
                0x10003e00                __aeabi_double_init
 .text.double_table_shim_on_use_helper
                0x10003ec8       0x34 CMakeFiles/nrf24l01_library.dir/C_/Pico/pico-sdk/src/rp2_common/pico_double/double_v1_rom_shim.S.obj
                0x10003ec8                double_table_shim_on_use_helper
 .text.__wrap___aeabi_dsub
                0x10003efc       0x10 CMakeFiles/nrf24l01_library.dir/C_/Pico/pico-sdk/src/rp2_common/pico_double/double_v1_rom_shim.S.obj
                0x10003efc                drsub_shim
                0x10003f02                dsub_shim
 .text.dadd_shim
                0x10003f0c      0x15c CMakeFiles/nrf24l01_library.dir/C_/Pico/pico-sdk/src/rp2_common/pico_double/double_v1_rom_shim.S.obj
                0x10003f0c                dadd_shim
 .text.dmul_shim
                0x10004068      0x15c CMakeFiles/nrf24l01_library.dir/C_/Pico/pico-sdk/src/rp2_common/pico_double/double_v1_rom_shim.S.obj
                0x10004068                dmul_shim
 .text.ddiv_shim
                0x100041c4      0x1b0 CMakeFiles/nrf24l01_library.dir/C_/Pico/pico-sdk/src/rp2_common/pico_double/double_v1_rom_shim.S.obj
                0x100041c4                ddiv_shim
 .text.double2uint_shim
                0x10004374        0xe CMakeFiles/nrf24l01_library.dir/C_/Pico/pico-sdk/src/rp2_common/pico_double/double_v1_rom_shim.S.obj
                0x10004374                double2uint_shim
                0x10004376                double2ufix_shim
 *fill*         0x10004382        0x2 
 .text.double2uint64_shim
                0x10004384       0x70 CMakeFiles/nrf24l01_library.dir/C_/Pico/pico-sdk/src/rp2_common/pico_double/double_v1_rom_shim.S.obj
                0x10004384                double2uint64_shim
                0x10004386                double2ufix64_shim
                0x100043a6                d2fix_a
 .text.dunpacks
                0x100043f4       0x3c CMakeFiles/nrf24l01_library.dir/C_/Pico/pico-sdk/src/rp2_common/pico_double/double_v1_rom_shim.S.obj
                0x100043f4                dunpacks
 .text.__aeabi_lmul
                0x10004430       0x32 CMakeFiles/nrf24l01_library.dir/C_/Pico/pico-sdk/src/rp2_common/pico_int64_ops/pico_int64_ops_aeabi.S.obj
                0x10004430                __wrap___aeabi_lmul
 *fill*         0x10004462        0x2 
 .text.__aeabi_float_init
                0x10004464       0xfc CMakeFiles/nrf24l01_library.dir/C_/Pico/pico-sdk/src/rp2_common/pico_float/float_init_rom.c.obj
                0x10004464                __aeabi_float_init
 .text.float_table_shim_on_use_helper
                0x10004560       0x34 CMakeFiles/nrf24l01_library.dir/C_/Pico/pico-sdk/src/rp2_common/pico_float/float_v1_rom_shim.S.obj
                0x10004560                float_table_shim_on_use_helper
 .text          0x10004594       0x10 CMakeFiles/nrf24l01_library.dir/C_/Pico/pico-sdk/src/rp2_common/pico_mem_ops/mem_ops_aeabi.S.obj
                0x10004594                __aeabi_mem_init
 .text.memset   0x100045a4        0xc CMakeFiles/nrf24l01_library.dir/C_/Pico/pico-sdk/src/rp2_common/pico_mem_ops/mem_ops_aeabi.S.obj
                0x100045a4                __wrap_memset
 .text.memcpy   0x100045b0        0xc CMakeFiles/nrf24l01_library.dir/C_/Pico/pico-sdk/src/rp2_common/pico_mem_ops/mem_ops_aeabi.S.obj
                0x100045b0                __wrap_memcpy
                0x100045b0                __wrap___aeabi_memcpy
 .text.stdio_out_chars_no_crlf
                0x100045bc        0xe CMakeFiles/nrf24l01_library.dir/C_/Pico/pico-sdk/src/rp2_common/pico_stdio/stdio.c.obj
 *fill*         0x100045ca        0x2 
 .text.stdio_out_chars_crlf
                0x100045cc       0x80 CMakeFiles/nrf24l01_library.dir/C_/Pico/pico-sdk/src/rp2_common/pico_stdio/stdio.c.obj
 .text.stdio_stack_buffer_flush
                0x1000464c       0x44 CMakeFiles/nrf24l01_library.dir/C_/Pico/pico-sdk/src/rp2_common/pico_stdio/stdio.c.obj
 .text.stdio_buffered_printer
                0x10004690       0x20 CMakeFiles/nrf24l01_library.dir/C_/Pico/pico-sdk/src/rp2_common/pico_stdio/stdio.c.obj
 .text.stdout_serialize_begin
                0x100046b0       0x5c CMakeFiles/nrf24l01_library.dir/C_/Pico/pico-sdk/src/rp2_common/pico_stdio/stdio.c.obj
                0x100046b0                stdout_serialize_begin
 .text.stdout_serialize_end
                0x1000470c       0x10 CMakeFiles/nrf24l01_library.dir/C_/Pico/pico-sdk/src/rp2_common/pico_stdio/stdio.c.obj
                0x1000470c                stdout_serialize_end
 .text.stdio_put_string
                0x1000471c       0x98 CMakeFiles/nrf24l01_library.dir/C_/Pico/pico-sdk/src/rp2_common/pico_stdio/stdio.c.obj
 .text.stdio_set_driver_enabled
                0x100047b4       0x2c CMakeFiles/nrf24l01_library.dir/C_/Pico/pico-sdk/src/rp2_common/pico_stdio/stdio.c.obj
                0x100047b4                stdio_set_driver_enabled
 .text.stdio_flush
                0x100047e0       0x20 CMakeFiles/nrf24l01_library.dir/C_/Pico/pico-sdk/src/rp2_common/pico_stdio/stdio.c.obj
                0x100047e0                stdio_flush
 .text.__wrap_puts
                0x10004800       0x1e CMakeFiles/nrf24l01_library.dir/C_/Pico/pico-sdk/src/rp2_common/pico_stdio/stdio.c.obj
                0x10004800                __wrap_puts
 *fill*         0x1000481e        0x2 
 .text.__wrap_vprintf
                0x10004820       0x40 CMakeFiles/nrf24l01_library.dir/C_/Pico/pico-sdk/src/rp2_common/pico_stdio/stdio.c.obj
                0x10004820                __wrap_vprintf
 .text.__wrap_printf
                0x10004860       0x18 CMakeFiles/nrf24l01_library.dir/C_/Pico/pico-sdk/src/rp2_common/pico_stdio/stdio.c.obj
                0x10004860                __wrap_printf
 .text.stdio_init_all
                0x10004878        0x8 CMakeFiles/nrf24l01_library.dir/C_/Pico/pico-sdk/src/rp2_common/pico_stdio/stdio.c.obj
                0x10004878                stdio_init_all
 .text.resetd_init
                0x10004880        0x2 CMakeFiles/nrf24l01_library.dir/C_/Pico/pico-sdk/src/rp2_common/pico_stdio_usb/reset_interface.c.obj
 *fill*         0x10004882        0x2 
 .text.resetd_reset
                0x10004884        0xc CMakeFiles/nrf24l01_library.dir/C_/Pico/pico-sdk/src/rp2_common/pico_stdio_usb/reset_interface.c.obj
 .text.resetd_open
                0x10004890       0x34 CMakeFiles/nrf24l01_library.dir/C_/Pico/pico-sdk/src/rp2_common/pico_stdio_usb/reset_interface.c.obj
 .text.resetd_xfer_cb
                0x100048c4        0x4 CMakeFiles/nrf24l01_library.dir/C_/Pico/pico-sdk/src/rp2_common/pico_stdio_usb/reset_interface.c.obj
 .text.reset_usb_boot
                0x100048c8       0x18 CMakeFiles/nrf24l01_library.dir/C_/Pico/pico-sdk/src/rp2_common/pico_stdio_usb/reset_interface.c.obj
 .text.resetd_control_xfer_cb
                0x100048e0       0x5c CMakeFiles/nrf24l01_library.dir/C_/Pico/pico-sdk/src/rp2_common/pico_stdio_usb/reset_interface.c.obj
 .text.usbd_app_driver_get_cb
                0x1000493c        0xc CMakeFiles/nrf24l01_library.dir/C_/Pico/pico-sdk/src/rp2_common/pico_stdio_usb/reset_interface.c.obj
                0x1000493c                usbd_app_driver_get_cb
 .text.tud_cdc_line_coding_cb
                0x10004948       0x28 CMakeFiles/nrf24l01_library.dir/C_/Pico/pico-sdk/src/rp2_common/pico_stdio_usb/reset_interface.c.obj
                0x10004948                tud_cdc_line_coding_cb
 .text.stdio_usb_set_chars_available_callback
                0x10004970       0x14 CMakeFiles/nrf24l01_library.dir/C_/Pico/pico-sdk/src/rp2_common/pico_stdio_usb/stdio_usb.c.obj
                0x10004970                stdio_usb_set_chars_available_callback
 .text.usb_irq  0x10004984       0x10 CMakeFiles/nrf24l01_library.dir/C_/Pico/pico-sdk/src/rp2_common/pico_stdio_usb/stdio_usb.c.obj
 .text.timer_task
                0x10004994       0x58 CMakeFiles/nrf24l01_library.dir/C_/Pico/pico-sdk/src/rp2_common/pico_stdio_usb/stdio_usb.c.obj
 .text.low_priority_worker_irq
                0x100049ec       0xd8 CMakeFiles/nrf24l01_library.dir/C_/Pico/pico-sdk/src/rp2_common/pico_stdio_usb/stdio_usb.c.obj
 .text.tud_cdc_rx_cb
                0x10004ac4       0x20 CMakeFiles/nrf24l01_library.dir/C_/Pico/pico-sdk/src/rp2_common/pico_stdio_usb/stdio_usb.c.obj
                0x10004ac4                tud_cdc_rx_cb
 .text.stdio_usb_init
                0x10004ae4      0x12c CMakeFiles/nrf24l01_library.dir/C_/Pico/pico-sdk/src/rp2_common/pico_stdio_usb/stdio_usb.c.obj
                0x10004ae4                stdio_usb_init
 .text.stdio_usb_connected
                0x10004c10        0xa CMakeFiles/nrf24l01_library.dir/C_/Pico/pico-sdk/src/rp2_common/pico_stdio_usb/stdio_usb.c.obj
                0x10004c10                stdio_usb_connected
 *fill*         0x10004c1a        0x2 
 .text.stdio_usb_in_chars
                0x10004c1c       0xc4 CMakeFiles/nrf24l01_library.dir/C_/Pico/pico-sdk/src/rp2_common/pico_stdio_usb/stdio_usb.c.obj
                0x10004c1c                stdio_usb_in_chars
 .text.stdio_usb_out_chars
                0x10004ce0      0x114 CMakeFiles/nrf24l01_library.dir/C_/Pico/pico-sdk/src/rp2_common/pico_stdio_usb/stdio_usb.c.obj
 .text.tud_descriptor_device_cb
                0x10004df4        0x8 CMakeFiles/nrf24l01_library.dir/C_/Pico/pico-sdk/src/rp2_common/pico_stdio_usb/stdio_usb_descriptors.c.obj
                0x10004df4                tud_descriptor_device_cb
 .text.tud_descriptor_configuration_cb
                0x10004dfc        0x8 CMakeFiles/nrf24l01_library.dir/C_/Pico/pico-sdk/src/rp2_common/pico_stdio_usb/stdio_usb_descriptors.c.obj
                0x10004dfc                tud_descriptor_configuration_cb
 .text.tud_descriptor_string_cb
                0x10004e04       0x6c CMakeFiles/nrf24l01_library.dir/C_/Pico/pico-sdk/src/rp2_common/pico_stdio_usb/stdio_usb_descriptors.c.obj
                0x10004e04                tud_descriptor_string_cb
 .text._retrieve_unique_id_on_boot
                0x10004e70       0x10 CMakeFiles/nrf24l01_library.dir/C_/Pico/pico-sdk/src/rp2_common/pico_unique_id/unique_id.c.obj
 .text.pico_get_unique_board_id_string
                0x10004e80       0x60 CMakeFiles/nrf24l01_library.dir/C_/Pico/pico-sdk/src/rp2_common/pico_unique_id/unique_id.c.obj
                0x10004e80                pico_get_unique_board_id_string
 .text.flash_get_unique_id
                0x10004ee0       0x46 CMakeFiles/nrf24l01_library.dir/C_/Pico/pico-sdk/src/rp2_common/hardware_flash/flash.c.obj
                0x10004ee0                flash_get_unique_id
 *fill*         0x10004f26        0x2 
 .text.hw_endpoint_get_by_addr
                0x10004f28       0x18 CMakeFiles/nrf24l01_library.dir/C_/Pico/pico-sdk/lib/tinyusb/src/portable/raspberrypi/rp2040/dcd_rp2040.c.obj
 .text._hw_endpoint_alloc
                0x10004f40       0x70 CMakeFiles/nrf24l01_library.dir/C_/Pico/pico-sdk/lib/tinyusb/src/portable/raspberrypi/rp2040/dcd_rp2040.c.obj
 .text.hw_endpoint_init
                0x10004fb0       0x88 CMakeFiles/nrf24l01_library.dir/C_/Pico/pico-sdk/lib/tinyusb/src/portable/raspberrypi/rp2040/dcd_rp2040.c.obj
 .text.hw_endpoint_xfer
                0x10005038       0x14 CMakeFiles/nrf24l01_library.dir/C_/Pico/pico-sdk/lib/tinyusb/src/portable/raspberrypi/rp2040/dcd_rp2040.c.obj
 .text.dcd_int_enable
                0x1000504c       0x2c CMakeFiles/nrf24l01_library.dir/C_/Pico/pico-sdk/lib/tinyusb/src/portable/raspberrypi/rp2040/dcd_rp2040.c.obj
                0x1000504c                dcd_int_enable
 .text.dcd_set_address
                0x10005078       0x2c CMakeFiles/nrf24l01_library.dir/C_/Pico/pico-sdk/lib/tinyusb/src/portable/raspberrypi/rp2040/dcd_rp2040.c.obj
                0x10005078                dcd_set_address
 .text.dcd_connect
                0x100050a4       0x10 CMakeFiles/nrf24l01_library.dir/C_/Pico/pico-sdk/lib/tinyusb/src/portable/raspberrypi/rp2040/dcd_rp2040.c.obj
                0x100050a4                dcd_connect
 .text.dcd_init
                0x100050b4       0x80 CMakeFiles/nrf24l01_library.dir/C_/Pico/pico-sdk/lib/tinyusb/src/portable/raspberrypi/rp2040/dcd_rp2040.c.obj
                0x100050b4                dcd_init
 .text.dcd_edpt0_status_complete
                0x10005134       0x1c CMakeFiles/nrf24l01_library.dir/C_/Pico/pico-sdk/lib/tinyusb/src/portable/raspberrypi/rp2040/dcd_rp2040.c.obj
                0x10005134                dcd_edpt0_status_complete
 .text.dcd_edpt_open
                0x10005150       0x40 CMakeFiles/nrf24l01_library.dir/C_/Pico/pico-sdk/lib/tinyusb/src/portable/raspberrypi/rp2040/dcd_rp2040.c.obj
                0x10005150                dcd_edpt_open
 .text.dcd_edpt_close_all
                0x10005190        0x8 CMakeFiles/nrf24l01_library.dir/C_/Pico/pico-sdk/lib/tinyusb/src/portable/raspberrypi/rp2040/dcd_rp2040.c.obj
                0x10005190                dcd_edpt_close_all
 .text.dcd_edpt_xfer
                0x10005198       0x34 CMakeFiles/nrf24l01_library.dir/C_/Pico/pico-sdk/lib/tinyusb/src/portable/raspberrypi/rp2040/dcd_rp2040.c.obj
                0x10005198                dcd_edpt_xfer
 .text.dcd_edpt_stall
                0x100051cc       0x2c CMakeFiles/nrf24l01_library.dir/C_/Pico/pico-sdk/lib/tinyusb/src/portable/raspberrypi/rp2040/dcd_rp2040.c.obj
                0x100051cc                dcd_edpt_stall
 .text.dcd_edpt_clear_stall
                0x100051f8       0x20 CMakeFiles/nrf24l01_library.dir/C_/Pico/pico-sdk/lib/tinyusb/src/portable/raspberrypi/rp2040/dcd_rp2040.c.obj
                0x100051f8                dcd_edpt_clear_stall
 .text.rp2040_usb_init
                0x10005218       0x4c CMakeFiles/nrf24l01_library.dir/C_/Pico/pico-sdk/lib/tinyusb/src/portable/raspberrypi/rp2040/rp2040_usb.c.obj
                0x10005218                rp2040_usb_init
 .text.hw_endpoint_xfer_start
                0x10005264       0x50 CMakeFiles/nrf24l01_library.dir/C_/Pico/pico-sdk/lib/tinyusb/src/portable/raspberrypi/rp2040/rp2040_usb.c.obj
                0x10005264                hw_endpoint_xfer_start
 .text.configuration_reset
                0x100052b4       0x84 CMakeFiles/nrf24l01_library.dir/C_/Pico/pico-sdk/lib/tinyusb/src/device/usbd.c.obj
 .text.usbd_reset
                0x10005338        0xc CMakeFiles/nrf24l01_library.dir/C_/Pico/pico-sdk/lib/tinyusb/src/device/usbd.c.obj
 .text.invoke_class_control
                0x10005344       0x1a CMakeFiles/nrf24l01_library.dir/C_/Pico/pico-sdk/lib/tinyusb/src/device/usbd.c.obj
 *fill*         0x1000535e        0x2 
 .text.process_set_config
                0x10005360      0x178 CMakeFiles/nrf24l01_library.dir/C_/Pico/pico-sdk/lib/tinyusb/src/device/usbd.c.obj
 .text.process_get_descriptor
                0x100054d8       0xdc CMakeFiles/nrf24l01_library.dir/C_/Pico/pico-sdk/lib/tinyusb/src/device/usbd.c.obj
 .text.tud_mounted
                0x100055b4       0x10 CMakeFiles/nrf24l01_library.dir/C_/Pico/pico-sdk/lib/tinyusb/src/device/usbd.c.obj
                0x100055b4                tud_mounted
 .text.tud_suspended
                0x100055c4       0x10 CMakeFiles/nrf24l01_library.dir/C_/Pico/pico-sdk/lib/tinyusb/src/device/usbd.c.obj
                0x100055c4                tud_suspended
 .text.tud_inited
                0x100055d4       0x14 CMakeFiles/nrf24l01_library.dir/C_/Pico/pico-sdk/lib/tinyusb/src/device/usbd.c.obj
                0x100055d4                tud_inited
 .text.tud_init
                0x100055e8       0xcc CMakeFiles/nrf24l01_library.dir/C_/Pico/pico-sdk/lib/tinyusb/src/device/usbd.c.obj
                0x100055e8                tud_init
 .text.usbd_defer_func
                0x100056b4       0x2a CMakeFiles/nrf24l01_library.dir/C_/Pico/pico-sdk/lib/tinyusb/src/device/usbd.c.obj
                0x100056b4                usbd_defer_func
 *fill*         0x100056de        0x2 
 .text.usbd_edpt_open
                0x100056e0       0x34 CMakeFiles/nrf24l01_library.dir/C_/Pico/pico-sdk/lib/tinyusb/src/device/usbd.c.obj
                0x100056e0                usbd_edpt_open
 .text.usbd_open_edpt_pair
                0x10005714       0x62 CMakeFiles/nrf24l01_library.dir/C_/Pico/pico-sdk/lib/tinyusb/src/device/usbd.c.obj
                0x10005714                usbd_open_edpt_pair
 *fill*         0x10005776        0x2 
 .text.usbd_edpt_claim
                0x10005778       0x28 CMakeFiles/nrf24l01_library.dir/C_/Pico/pico-sdk/lib/tinyusb/src/device/usbd.c.obj
                0x10005778                usbd_edpt_claim
 .text.usbd_edpt_release
                0x100057a0       0x28 CMakeFiles/nrf24l01_library.dir/C_/Pico/pico-sdk/lib/tinyusb/src/device/usbd.c.obj
                0x100057a0                usbd_edpt_release
 .text.usbd_edpt_xfer
                0x100057c8       0x78 CMakeFiles/nrf24l01_library.dir/C_/Pico/pico-sdk/lib/tinyusb/src/device/usbd.c.obj
                0x100057c8                usbd_edpt_xfer
 .text.usbd_edpt_stall
                0x10005840       0x48 CMakeFiles/nrf24l01_library.dir/C_/Pico/pico-sdk/lib/tinyusb/src/device/usbd.c.obj
                0x10005840                usbd_edpt_stall
 .text.usbd_edpt_clear_stall
                0x10005888       0x48 CMakeFiles/nrf24l01_library.dir/C_/Pico/pico-sdk/lib/tinyusb/src/device/usbd.c.obj
                0x10005888                usbd_edpt_clear_stall
 .text.usbd_edpt_stalled
                0x100058d0       0x1c CMakeFiles/nrf24l01_library.dir/C_/Pico/pico-sdk/lib/tinyusb/src/device/usbd.c.obj
                0x100058d0                usbd_edpt_stalled
 .text.process_control_request
                0x100058ec      0x37c CMakeFiles/nrf24l01_library.dir/C_/Pico/pico-sdk/lib/tinyusb/src/device/usbd.c.obj
 .text.tud_task_ext
                0x10005c68      0x1b4 CMakeFiles/nrf24l01_library.dir/C_/Pico/pico-sdk/lib/tinyusb/src/device/usbd.c.obj
                0x10005c68                tud_task_ext
 .text._data_stage_xact
                0x10005e1c       0x58 CMakeFiles/nrf24l01_library.dir/C_/Pico/pico-sdk/lib/tinyusb/src/device/usbd_control.c.obj
 .text.tud_control_status
                0x10005e74       0x38 CMakeFiles/nrf24l01_library.dir/C_/Pico/pico-sdk/lib/tinyusb/src/device/usbd_control.c.obj
                0x10005e74                tud_control_status
 .text.tud_control_xfer
                0x10005eac       0x74 CMakeFiles/nrf24l01_library.dir/C_/Pico/pico-sdk/lib/tinyusb/src/device/usbd_control.c.obj
                0x10005eac                tud_control_xfer
 .text.usbd_control_reset
                0x10005f20       0x14 CMakeFiles/nrf24l01_library.dir/C_/Pico/pico-sdk/lib/tinyusb/src/device/usbd_control.c.obj
                0x10005f20                usbd_control_reset
 .text.usbd_control_set_complete_callback
                0x10005f34        0xc CMakeFiles/nrf24l01_library.dir/C_/Pico/pico-sdk/lib/tinyusb/src/device/usbd_control.c.obj
                0x10005f34                usbd_control_set_complete_callback
 .text.usbd_control_set_request
                0x10005f40       0x1c CMakeFiles/nrf24l01_library.dir/C_/Pico/pico-sdk/lib/tinyusb/src/device/usbd_control.c.obj
                0x10005f40                usbd_control_set_request
 .text.usbd_control_xfer_cb
                0x10005f5c       0xcc CMakeFiles/nrf24l01_library.dir/C_/Pico/pico-sdk/lib/tinyusb/src/device/usbd_control.c.obj
                0x10005f5c                usbd_control_xfer_cb
 .text._prep_out_transaction
                0x10006028       0x4a CMakeFiles/nrf24l01_library.dir/C_/Pico/pico-sdk/lib/tinyusb/src/class/cdc/cdc_device.c.obj
 *fill*         0x10006072        0x2 
 .text.tud_cdc_n_connected
                0x10006074       0x44 CMakeFiles/nrf24l01_library.dir/C_/Pico/pico-sdk/lib/tinyusb/src/class/cdc/cdc_device.c.obj
                0x10006074                tud_cdc_n_connected
 .text.tud_cdc_n_available
                0x100060b8       0x18 CMakeFiles/nrf24l01_library.dir/C_/Pico/pico-sdk/lib/tinyusb/src/class/cdc/cdc_device.c.obj
                0x100060b8                tud_cdc_n_available
 .text.tud_cdc_n_read
                0x100060d0       0x28 CMakeFiles/nrf24l01_library.dir/C_/Pico/pico-sdk/lib/tinyusb/src/class/cdc/cdc_device.c.obj
                0x100060d0                tud_cdc_n_read
 .text.tud_cdc_n_write_flush
                0x100060f8       0xb8 CMakeFiles/nrf24l01_library.dir/C_/Pico/pico-sdk/lib/tinyusb/src/class/cdc/cdc_device.c.obj
                0x100060f8                tud_cdc_n_write_flush
 .text.tud_cdc_n_write
                0x100061b0       0x38 CMakeFiles/nrf24l01_library.dir/C_/Pico/pico-sdk/lib/tinyusb/src/class/cdc/cdc_device.c.obj
                0x100061b0                tud_cdc_n_write
 .text.tud_cdc_n_write_available
                0x100061e8       0x1c CMakeFiles/nrf24l01_library.dir/C_/Pico/pico-sdk/lib/tinyusb/src/class/cdc/cdc_device.c.obj
                0x100061e8                tud_cdc_n_write_available
 .text.cdcd_init
                0x10006204       0xbc CMakeFiles/nrf24l01_library.dir/C_/Pico/pico-sdk/lib/tinyusb/src/class/cdc/cdc_device.c.obj
                0x10006204                cdcd_init
 .text.cdcd_reset
                0x100062c0       0x44 CMakeFiles/nrf24l01_library.dir/C_/Pico/pico-sdk/lib/tinyusb/src/class/cdc/cdc_device.c.obj
                0x100062c0                cdcd_reset
 .text.cdcd_open
                0x10006304       0xcc CMakeFiles/nrf24l01_library.dir/C_/Pico/pico-sdk/lib/tinyusb/src/class/cdc/cdc_device.c.obj
                0x10006304                cdcd_open
 .text.cdcd_control_xfer_cb
                0x100063d0      0x134 CMakeFiles/nrf24l01_library.dir/C_/Pico/pico-sdk/lib/tinyusb/src/class/cdc/cdc_device.c.obj
                0x100063d0                cdcd_control_xfer_cb
 .text.cdcd_xfer_cb
                0x10006504      0x130 CMakeFiles/nrf24l01_library.dir/C_/Pico/pico-sdk/lib/tinyusb/src/class/cdc/cdc_device.c.obj
                0x10006504                cdcd_xfer_cb
 .text.tusb_init
                0x10006634        0xa CMakeFiles/nrf24l01_library.dir/C_/Pico/pico-sdk/lib/tinyusb/src/tusb.c.obj
                0x10006634                tusb_init
 .text.tusb_inited
                0x1000663e        0xe CMakeFiles/nrf24l01_library.dir/C_/Pico/pico-sdk/lib/tinyusb/src/tusb.c.obj
                0x1000663e                tusb_inited
 .text.tu_edpt_claim
                0x1000664c       0x50 CMakeFiles/nrf24l01_library.dir/C_/Pico/pico-sdk/lib/tinyusb/src/tusb.c.obj
                0x1000664c                tu_edpt_claim
 .text.tu_edpt_release
                0x1000669c       0x3c CMakeFiles/nrf24l01_library.dir/C_/Pico/pico-sdk/lib/tinyusb/src/tusb.c.obj
                0x1000669c                tu_edpt_release
 .text.tu_edpt_validate
                0x100066d8       0x78 CMakeFiles/nrf24l01_library.dir/C_/Pico/pico-sdk/lib/tinyusb/src/tusb.c.obj
                0x100066d8                tu_edpt_validate
 .text.tu_edpt_bind_driver
                0x10006750       0x26 CMakeFiles/nrf24l01_library.dir/C_/Pico/pico-sdk/lib/tinyusb/src/tusb.c.obj
                0x10006750                tu_edpt_bind_driver
 .text.advance_index
                0x10006776       0x1a CMakeFiles/nrf24l01_library.dir/C_/Pico/pico-sdk/lib/tinyusb/src/common/tusb_fifo.c.obj
 .text._tu_fifo_peek
                0x10006790       0x56 CMakeFiles/nrf24l01_library.dir/C_/Pico/pico-sdk/lib/tinyusb/src/common/tusb_fifo.c.obj
 .text._ff_pull_const_addr
                0x100067e6       0x4c CMakeFiles/nrf24l01_library.dir/C_/Pico/pico-sdk/lib/tinyusb/src/common/tusb_fifo.c.obj
 .text._ff_pull_n
                0x10006832      0x110 CMakeFiles/nrf24l01_library.dir/C_/Pico/pico-sdk/lib/tinyusb/src/common/tusb_fifo.c.obj
 .text._tu_fifo_peek_n
                0x10006942       0x6a CMakeFiles/nrf24l01_library.dir/C_/Pico/pico-sdk/lib/tinyusb/src/common/tusb_fifo.c.obj
 .text._tu_fifo_read_n
                0x100069ac       0x4e CMakeFiles/nrf24l01_library.dir/C_/Pico/pico-sdk/lib/tinyusb/src/common/tusb_fifo.c.obj
 .text._ff_push_const_addr
                0x100069fa       0x40 CMakeFiles/nrf24l01_library.dir/C_/Pico/pico-sdk/lib/tinyusb/src/common/tusb_fifo.c.obj
 .text._ff_push_n
                0x10006a3a      0x10c CMakeFiles/nrf24l01_library.dir/C_/Pico/pico-sdk/lib/tinyusb/src/common/tusb_fifo.c.obj
 .text._tu_fifo_write_n
                0x10006b46       0xf0 CMakeFiles/nrf24l01_library.dir/C_/Pico/pico-sdk/lib/tinyusb/src/common/tusb_fifo.c.obj
 .text.tu_fifo_config
                0x10006c36       0x7c CMakeFiles/nrf24l01_library.dir/C_/Pico/pico-sdk/lib/tinyusb/src/common/tusb_fifo.c.obj
                0x10006c36                tu_fifo_config
 .text.tu_fifo_count
                0x10006cb2       0x2a CMakeFiles/nrf24l01_library.dir/C_/Pico/pico-sdk/lib/tinyusb/src/common/tusb_fifo.c.obj
                0x10006cb2                tu_fifo_count
 .text.tu_fifo_empty
                0x10006cdc       0x10 CMakeFiles/nrf24l01_library.dir/C_/Pico/pico-sdk/lib/tinyusb/src/common/tusb_fifo.c.obj
                0x10006cdc                tu_fifo_empty
 .text.tu_fifo_full
                0x10006cec       0x28 CMakeFiles/nrf24l01_library.dir/C_/Pico/pico-sdk/lib/tinyusb/src/common/tusb_fifo.c.obj
                0x10006cec                tu_fifo_full
 .text.tu_fifo_remaining
                0x10006d14       0x2c CMakeFiles/nrf24l01_library.dir/C_/Pico/pico-sdk/lib/tinyusb/src/common/tusb_fifo.c.obj
                0x10006d14                tu_fifo_remaining
 .text.tu_fifo_read
                0x10006d40       0x42 CMakeFiles/nrf24l01_library.dir/C_/Pico/pico-sdk/lib/tinyusb/src/common/tusb_fifo.c.obj
                0x10006d40                tu_fifo_read
 .text.tu_fifo_read_n
                0x10006d82        0xa CMakeFiles/nrf24l01_library.dir/C_/Pico/pico-sdk/lib/tinyusb/src/common/tusb_fifo.c.obj
                0x10006d82                tu_fifo_read_n
 .text.tu_fifo_write
                0x10006d8c       0x64 CMakeFiles/nrf24l01_library.dir/C_/Pico/pico-sdk/lib/tinyusb/src/common/tusb_fifo.c.obj
                0x10006d8c                tu_fifo_write
 .text.tu_fifo_write_n
                0x10006df0        0xa CMakeFiles/nrf24l01_library.dir/C_/Pico/pico-sdk/lib/tinyusb/src/common/tusb_fifo.c.obj
                0x10006df0                tu_fifo_write_n
 .text.tu_fifo_clear
                0x10006dfa       0x3e CMakeFiles/nrf24l01_library.dir/C_/Pico/pico-sdk/lib/tinyusb/src/common/tusb_fifo.c.obj
                0x10006dfa                tu_fifo_clear
 .text.tu_fifo_set_overwritable
                0x10006e38       0x46 CMakeFiles/nrf24l01_library.dir/C_/Pico/pico-sdk/lib/tinyusb/src/common/tusb_fifo.c.obj
                0x10006e38                tu_fifo_set_overwritable
 *fill*         0x10006e7e        0x2 
 .text.nrf_io_configure
                0x10006e80       0x60 ..\Library\liblibrary.a(nrf24l01.c.obj)
                0x10006e80                nrf_io_configure
 .text.csn_low  0x10006ee0       0x14 ..\Library\liblibrary.a(nrf24l01.c.obj)
                0x10006ee0                csn_low
 .text.csn_high
                0x10006ef4       0x14 ..\Library\liblibrary.a(nrf24l01.c.obj)
                0x10006ef4                csn_high
 .text.nrf_read_payload
                0x10006f08       0x48 ..\Library\liblibrary.a(nrf24l01.c.obj)
                0x10006f08                nrf_read_payload
 .text.ce_low   0x10006f50       0x14 ..\Library\liblibrary.a(nrf24l01.c.obj)
                0x10006f50                ce_low
 .text.ce_high  0x10006f64       0x14 ..\Library\liblibrary.a(nrf24l01.c.obj)
                0x10006f64                ce_high
 .text.nrf_write_register
                0x10006f78       0x38 ..\Library\liblibrary.a(nrf24l01.c.obj)
                0x10006f78                nrf_write_register
 .text.nrf_read_register
                0x10006fb0       0x38 ..\Library\liblibrary.a(nrf24l01.c.obj)
                0x10006fb0                nrf_read_register
 .text.nrf_flush_tx_fifo
                0x10006fe8       0x34 ..\Library\liblibrary.a(nrf24l01.c.obj)
                0x10006fe8                nrf_flush_tx_fifo
 .text.nrf_flush_rx_fifo
                0x1000701c       0x34 ..\Library\liblibrary.a(nrf24l01.c.obj)
                0x1000701c                nrf_flush_rx_fifo
 .text.nrf_write_and_validate_reg
                0x10007050      0x32c ..\Library\liblibrary.a(nrf24l01.c.obj)
                0x10007050                nrf_write_and_validate_reg
 .text.set_auto_retransmission
                0x1000737c       0x18 ..\Library\liblibrary.a(nrf24l01.c.obj)
                0x1000737c                set_auto_retransmission
 .text.set_rf_channel
                0x10007394       0x18 ..\Library\liblibrary.a(nrf24l01.c.obj)
                0x10007394                set_rf_channel
 .text.set_rf_data_rate
                0x100073ac       0x14 ..\Library\liblibrary.a(nrf24l01.c.obj)
                0x100073ac                set_rf_data_rate
 .text.set_rf_power
                0x100073c0       0x14 ..\Library\liblibrary.a(nrf24l01.c.obj)
                0x100073c0                set_rf_power
 .text.set_payload_size
                0x100073d4        0xa ..\Library\liblibrary.a(nrf24l01.c.obj)
                0x100073d4                set_payload_size
 *fill*         0x100073de        0x2 
 .text.set_pipe_0_destination
                0x100073e0       0x1c ..\Library\liblibrary.a(nrf24l01.c.obj)
                0x100073e0                set_pipe_0_destination
 .text.set_pipe_1_destination
                0x100073fc       0x1c ..\Library\liblibrary.a(nrf24l01.c.obj)
                0x100073fc                set_pipe_1_destination
 .text.set_pipe_2_destination
                0x10007418       0x1c ..\Library\liblibrary.a(nrf24l01.c.obj)
                0x10007418                set_pipe_2_destination
 .text.set_pipe_3_destination
                0x10007434       0x1c ..\Library\liblibrary.a(nrf24l01.c.obj)
                0x10007434                set_pipe_3_destination
 .text.set_pipe_4_destination
                0x10007450       0x1c ..\Library\liblibrary.a(nrf24l01.c.obj)
                0x10007450                set_pipe_4_destination
 .text.set_pipe_5_destination
                0x1000746c       0x1c ..\Library\liblibrary.a(nrf24l01.c.obj)
                0x1000746c                set_pipe_5_destination
 .text.set_tx_destination
                0x10007488       0x1c ..\Library\liblibrary.a(nrf24l01.c.obj)
                0x10007488                set_tx_destination
 .text.nrf_initialise
                0x100074a4       0xe0 ..\Library\liblibrary.a(nrf24l01.c.obj)
                0x100074a4                nrf_initialise
 .text.nrf_write_payload
                0x10007584       0x44 ..\Library\liblibrary.a(nrf24l01.c.obj)
                0x10007584                nrf_write_payload
 .text.nrf_irq_clear
                0x100075c8        0xa ..\Library\liblibrary.a(nrf24l01.c.obj)
                0x100075c8                nrf_irq_clear
 *fill*         0x100075d2        0x2 
 .text.nrf_check_irq
                0x100075d4       0x64 ..\Library\liblibrary.a(nrf24l01.c.obj)
                0x100075d4                nrf_check_irq
 .text.is_packet
                0x10007638        0xe ..\Library\liblibrary.a(nrf24l01.c.obj)
                0x10007638                is_packet
 *fill*         0x10007646        0x2 
 .text.nrf_set_mode
                0x10007648       0x7c ..\Library\liblibrary.a(nrf24l01.c.obj)
                0x10007648                nrf_set_mode
 .text.nrf_start_listen
                0x100076c4        0xe ..\Library\liblibrary.a(nrf24l01.c.obj)
                0x100076c4                nrf_start_listen
 .text.nrf_stop_listen
                0x100076d2        0xa ..\Library\liblibrary.a(nrf24l01.c.obj)
                0x100076d2                nrf_stop_listen
 .text.nrf_set_standby_mode
                0x100076dc        0xa ..\Library\liblibrary.a(nrf24l01.c.obj)
                0x100076dc                nrf_set_standby_mode
 .text.nrf_transmit_pulse
                0x100076e6       0x14 ..\Library\liblibrary.a(nrf24l01.c.obj)
                0x100076e6                nrf_transmit_pulse
 .text.nrf_send_package
                0x100076fa       0x38 ..\Library\liblibrary.a(nrf24l01.c.obj)
                0x100076fa                nrf_send_package
 *fill*         0x10007732        0x2 
 .text.nrf_driver_create_client
                0x10007734       0xa4 ..\Library\liblibrary.a(nrf24l01.c.obj)
                0x10007734                nrf_driver_create_client
 .text.strlen   0x100077d8       0x5c c:/progra~2/gnuarm~1/102021~1.10/bin/../lib/gcc/arm-none-eabi/10.3.1/../../../../arm-none-eabi/lib/thumb/v6-m/nofp\libg.a(lib_a-strlen-stub.o)
                0x100077d8                strlen
 *(.fini)
 .fini          0x10007834        0x4 c:/progra~2/gnuarm~1/102021~1.10/bin/../lib/gcc/arm-none-eabi/10.3.1/thumb/v6-m/nofp/crti.o
                0x10007834                _fini
 .fini.__stub   0x10007838      0x100 linker stubs
 *crtbegin.o(.ctors)
 *crtbegin?.o(.ctors)
 *(EXCLUDE_FILE(*crtend.o *crtend?.o) .ctors)
 *(SORT_BY_NAME(.ctors.*))
 *(.ctors)
 *crtbegin.o(.dtors)
 *crtbegin?.o(.dtors)
 *(EXCLUDE_FILE(*crtend.o *crtend?.o) .dtors)
 *(SORT_BY_NAME(.dtors.*))
 *(.dtors)
 *(.eh_frame*)
 .eh_frame      0x10007938        0x0 c:/progra~2/gnuarm~1/102021~1.10/bin/../lib/gcc/arm-none-eabi/10.3.1/thumb/v6-m/nofp/crtbegin.o
                0x10007938                . = ALIGN (0x4)

.glue_7         0x10007938        0x0
 .glue_7        0x10007938        0x0 linker stubs

.glue_7t        0x10007938        0x0
 .glue_7t       0x10007938        0x0 linker stubs

.vfp11_veneer   0x10007938        0x0
 .vfp11_veneer  0x10007938        0x0 linker stubs

.v4_bx          0x10007938        0x0
 .v4_bx         0x10007938        0x0 linker stubs

.iplt           0x10007938        0x0
 .iplt          0x10007938        0x0 c:/progra~2/gnuarm~1/102021~1.10/bin/../lib/gcc/arm-none-eabi/10.3.1/thumb/v6-m/nofp/crtbegin.o

.rodata         0x10007938     0x1664
 *(EXCLUDE_FILE(*libm.a: *libc.a:*lib_a-mem*.o *libgcc.a:) .rodata*)
 .rodata.main.str1.4
                0x10007938      0x10d CMakeFiles/nrf24l01_library.dir/Src/main.c.obj
 *fill*         0x10007a45        0x3 
 .rodata        0x10007a48       0x24 CMakeFiles/nrf24l01_library.dir/Src/main.c.obj
 .rodata.spin_lock_claim_unused.str1.4
                0x10007a6c       0x1b CMakeFiles/nrf24l01_library.dir/C_/Pico/pico-sdk/src/rp2_common/hardware_sync/sync.c.obj
 *fill*         0x10007a87        0x1 
 .rodata.clock_configure.str1.4
                0x10007a88       0x4d CMakeFiles/nrf24l01_library.dir/C_/Pico/pico-sdk/src/rp2_common/hardware_clocks/clocks.c.obj
 *fill*         0x10007ad5        0x3 
 .rodata.__func__.1
                0x10007ad8       0x10 CMakeFiles/nrf24l01_library.dir/C_/Pico/pico-sdk/src/rp2_common/hardware_clocks/clocks.c.obj
 .rodata.make_branch.str1.4
                0x10007ae8       0x63 CMakeFiles/nrf24l01_library.dir/C_/Pico/pico-sdk/src/rp2_common/hardware_irq/irq.c.obj
 *fill*         0x10007b4b        0x1 
 .rodata.insert_branch_and_link.str1.4
                0x10007b4c       0x10 CMakeFiles/nrf24l01_library.dir/C_/Pico/pico-sdk/src/rp2_common/hardware_irq/irq.c.obj
 .rodata.irq_set_exclusive_handler.str1.4
                0x10007b5c       0x36 CMakeFiles/nrf24l01_library.dir/C_/Pico/pico-sdk/src/rp2_common/hardware_irq/irq.c.obj
 *fill*         0x10007b92        0x2 
 .rodata.irq_add_shared_handler.str1.4
                0x10007b94       0xd9 CMakeFiles/nrf24l01_library.dir/C_/Pico/pico-sdk/src/rp2_common/hardware_irq/irq.c.obj
 *fill*         0x10007c6d        0x3 
 .rodata.irq_remove_handler.str1.4
                0x10007c70       0x3a CMakeFiles/nrf24l01_library.dir/C_/Pico/pico-sdk/src/rp2_common/hardware_irq/irq.c.obj
 *fill*         0x10007caa        0x2 
 .rodata.irq_add_tail_to_free_list.str1.4
                0x10007cac       0x3a CMakeFiles/nrf24l01_library.dir/C_/Pico/pico-sdk/src/rp2_common/hardware_irq/irq.c.obj
 *fill*         0x10007ce6        0x2 
 .rodata.user_irq_claim_unused.str1.4
                0x10007ce8       0x1b CMakeFiles/nrf24l01_library.dir/C_/Pico/pico-sdk/src/rp2_common/hardware_irq/irq.c.obj
 *fill*         0x10007d03        0x1 
 .rodata.__func__.0
                0x10007d04       0x1a CMakeFiles/nrf24l01_library.dir/C_/Pico/pico-sdk/src/rp2_common/hardware_irq/irq.c.obj
 *fill*         0x10007d1e        0x2 
 .rodata.__func__.1
                0x10007d20       0x17 CMakeFiles/nrf24l01_library.dir/C_/Pico/pico-sdk/src/rp2_common/hardware_irq/irq.c.obj
 *fill*         0x10007d37        0x1 
 .rodata.__func__.2
                0x10007d38       0x13 CMakeFiles/nrf24l01_library.dir/C_/Pico/pico-sdk/src/rp2_common/hardware_irq/irq.c.obj
 *fill*         0x10007d4b        0x1 
 .rodata.__func__.3
                0x10007d4c        0xc CMakeFiles/nrf24l01_library.dir/C_/Pico/pico-sdk/src/rp2_common/hardware_irq/irq.c.obj
 .rodata.__func__.4
                0x10007d58        0xf CMakeFiles/nrf24l01_library.dir/C_/Pico/pico-sdk/src/rp2_common/hardware_irq/irq.c.obj
 *fill*         0x10007d67        0x1 
 .rodata.__func__.5
                0x10007d68       0x17 CMakeFiles/nrf24l01_library.dir/C_/Pico/pico-sdk/src/rp2_common/hardware_irq/irq.c.obj
 *fill*         0x10007d7f        0x1 
 .rodata.__func__.6
                0x10007d80       0x1a CMakeFiles/nrf24l01_library.dir/C_/Pico/pico-sdk/src/rp2_common/hardware_irq/irq.c.obj
 *fill*         0x10007d9a        0x2 
 .rodata.str1.4
                0x10007d9c       0xd9 CMakeFiles/nrf24l01_library.dir/C_/Pico/pico-sdk/src/common/pico_sync/mutex.c.obj
 *fill*         0x10007e75        0x3 
 .rodata.__func__.1
                0x10007e78        0xb CMakeFiles/nrf24l01_library.dir/C_/Pico/pico-sdk/src/common/pico_sync/mutex.c.obj
 *fill*         0x10007e83        0x1 
 .rodata.__func__.3
                0x10007e84       0x18 CMakeFiles/nrf24l01_library.dir/C_/Pico/pico-sdk/src/common/pico_sync/mutex.c.obj
 .rodata.__func__.4
                0x10007e9c       0x15 CMakeFiles/nrf24l01_library.dir/C_/Pico/pico-sdk/src/common/pico_sync/mutex.c.obj
 *fill*         0x10007eb1        0x3 
 .rodata.repeating_timer_callback.str1.4
                0x10007eb4       0x41 CMakeFiles/nrf24l01_library.dir/C_/Pico/pico-sdk/src/common/pico_time/time.c.obj
 *fill*         0x10007ef5        0x3 
 .rodata.timer_pool_entry_comparator.str1.4
                0x10007ef8       0x22 CMakeFiles/nrf24l01_library.dir/C_/Pico/pico-sdk/src/common/pico_time/time.c.obj
 *fill*         0x10007f1a        0x2 
 .rodata.ph_add_child_node.str1.4
                0x10007f1c       0x8a CMakeFiles/nrf24l01_library.dir/C_/Pico/pico-sdk/src/common/pico_time/time.c.obj
 *fill*         0x10007fa6        0x2 
 .rodata.add_alarm_under_lock.str1.4
                0x10007fa8       0x28 CMakeFiles/nrf24l01_library.dir/C_/Pico/pico-sdk/src/common/pico_time/time.c.obj
                                 0x2b (size before relaxing)
 .rodata.alarm_pool_alarm_callback.str1.4
                0x10007fd0       0x98 CMakeFiles/nrf24l01_library.dir/C_/Pico/pico-sdk/src/common/pico_time/time.c.obj
                                 0xf0 (size before relaxing)
 .rodata.alarm_pool_get_default.str1.4
                0x10008068       0x21 CMakeFiles/nrf24l01_library.dir/C_/Pico/pico-sdk/src/common/pico_time/time.c.obj
 *fill*         0x10008089        0x3 
 .rodata.alarm_pool_cancel_alarm.str1.4
                0x1000808c       0x27 CMakeFiles/nrf24l01_library.dir/C_/Pico/pico-sdk/src/common/pico_time/time.c.obj
 *fill*         0x100080b3        0x1 
 .rodata.sleep_until.str1.4
                0x100080b4       0x4d CMakeFiles/nrf24l01_library.dir/C_/Pico/pico-sdk/src/common/pico_time/time.c.obj
 *fill*         0x10008101        0x3 
 .rodata.__func__.1
                0x10008104       0x18 CMakeFiles/nrf24l01_library.dir/C_/Pico/pico-sdk/src/common/pico_time/time.c.obj
 .rodata.__func__.10
                0x1000811c       0x15 CMakeFiles/nrf24l01_library.dir/C_/Pico/pico-sdk/src/common/pico_time/time.c.obj
 *fill*         0x10008131        0x3 
 .rodata.__func__.11
                0x10008134       0x1a CMakeFiles/nrf24l01_library.dir/C_/Pico/pico-sdk/src/common/pico_time/time.c.obj
 *fill*         0x1000814e        0x2 
 .rodata.__func__.12
                0x10008150        0xa CMakeFiles/nrf24l01_library.dir/C_/Pico/pico-sdk/src/common/pico_time/time.c.obj
 *fill*         0x1000815a        0x2 
 .rodata.__func__.3
                0x1000815c       0x17 CMakeFiles/nrf24l01_library.dir/C_/Pico/pico-sdk/src/common/pico_time/time.c.obj
 *fill*         0x10008173        0x1 
 .rodata.__func__.4
                0x10008174       0x12 CMakeFiles/nrf24l01_library.dir/C_/Pico/pico-sdk/src/common/pico_time/time.c.obj
 *fill*         0x10008186        0x2 
 .rodata.__func__.5
                0x10008188        0xd CMakeFiles/nrf24l01_library.dir/C_/Pico/pico-sdk/src/common/pico_time/time.c.obj
 *fill*         0x10008195        0x3 
 .rodata.__func__.6
                0x10008198       0x12 CMakeFiles/nrf24l01_library.dir/C_/Pico/pico-sdk/src/common/pico_time/time.c.obj
 *fill*         0x100081aa        0x2 
 .rodata.__func__.7
                0x100081ac        0xf CMakeFiles/nrf24l01_library.dir/C_/Pico/pico-sdk/src/common/pico_time/time.c.obj
 *fill*         0x100081bb        0x1 
 .rodata.__func__.8
                0x100081bc        0xc CMakeFiles/nrf24l01_library.dir/C_/Pico/pico-sdk/src/common/pico_time/time.c.obj
 .rodata.__func__.9
                0x100081c8       0x15 CMakeFiles/nrf24l01_library.dir/C_/Pico/pico-sdk/src/common/pico_time/time.c.obj
 *fill*         0x100081dd        0x3 
 .rodata.hardware_alarm_claim.str1.4
                0x100081e0       0x22 CMakeFiles/nrf24l01_library.dir/C_/Pico/pico-sdk/src/rp2_common/hardware_timer/timer.c.obj
 *fill*         0x10008202        0x2 
 .rodata.hardware_alarm_set_target.str1.4
                0x10008204       0x5b CMakeFiles/nrf24l01_library.dir/C_/Pico/pico-sdk/src/rp2_common/hardware_timer/timer.c.obj
 *fill*         0x1000825f        0x1 
 .rodata.__func__.0
                0x10008260       0x1a CMakeFiles/nrf24l01_library.dir/C_/Pico/pico-sdk/src/rp2_common/hardware_timer/timer.c.obj
 .rodata.ph_add_child_node.str1.4
                0x1000827a       0x8a CMakeFiles/nrf24l01_library.dir/C_/Pico/pico-sdk/src/common/pico_util/pheap.c.obj
 *fill*         0x1000827a        0x2 
 .rodata.ph_remove_any_head.str1.4
                0x1000827c       0x84 CMakeFiles/nrf24l01_library.dir/C_/Pico/pico-sdk/src/common/pico_util/pheap.c.obj
                                 0x98 (size before relaxing)
 .rodata.ph_remove_and_free_node.str1.4
                0x10008300       0x1e CMakeFiles/nrf24l01_library.dir/C_/Pico/pico-sdk/src/common/pico_util/pheap.c.obj
                                 0x26 (size before relaxing)
 *fill*         0x1000831e        0x2 
 .rodata.__func__.0
                0x10008320       0x18 CMakeFiles/nrf24l01_library.dir/C_/Pico/pico-sdk/src/common/pico_util/pheap.c.obj
 .rodata.__func__.1
                0x10008338       0x13 CMakeFiles/nrf24l01_library.dir/C_/Pico/pico-sdk/src/common/pico_util/pheap.c.obj
 *fill*         0x1000834b        0x1 
 .rodata.__func__.2
                0x1000834c       0x12 CMakeFiles/nrf24l01_library.dir/C_/Pico/pico-sdk/src/common/pico_util/pheap.c.obj
 *fill*         0x1000835e        0x2 
 .rodata.__func__.3
                0x10008360        0xc CMakeFiles/nrf24l01_library.dir/C_/Pico/pico-sdk/src/common/pico_util/pheap.c.obj
 .rodata.pll_init.str1.4
                0x1000836c      0x117 CMakeFiles/nrf24l01_library.dir/C_/Pico/pico-sdk/src/rp2_common/hardware_pll/pll.c.obj
 *fill*         0x10008483        0x1 
 .rodata.__func__.0
                0x10008484        0x9 CMakeFiles/nrf24l01_library.dir/C_/Pico/pico-sdk/src/rp2_common/hardware_pll/pll.c.obj
 *fill*         0x1000848d        0x3 
 .rodata.__assert_func.str1.4
                0x10008490       0x3f CMakeFiles/nrf24l01_library.dir/C_/Pico/pico-sdk/src/rp2_common/pico_runtime/runtime.c.obj
                                 0x43 (size before relaxing)
 *fill*         0x100084cf        0x1 
 .rodata.runtime_init.str1.4
                0x100084d0       0x57 CMakeFiles/nrf24l01_library.dir/C_/Pico/pico-sdk/src/rp2_common/pico_runtime/runtime.c.obj
 *fill*         0x10008527        0x1 
 .rodata.panic.str1.4
                0x10008528       0x12 CMakeFiles/nrf24l01_library.dir/C_/Pico/pico-sdk/src/rp2_common/pico_runtime/runtime.c.obj
 *fill*         0x1000853a        0x2 
 .rodata.__func__.2
                0x1000853c        0xd CMakeFiles/nrf24l01_library.dir/C_/Pico/pico-sdk/src/rp2_common/pico_runtime/runtime.c.obj
 *fill*         0x10008549        0x3 
 .rodata._ftoa.str1.4
                0x1000854c       0x15 CMakeFiles/nrf24l01_library.dir/C_/Pico/pico-sdk/src/rp2_common/pico_printf/printf.c.obj
 *fill*         0x10008561        0x3 
 .rodata._vsnprintf
                0x10008564      0x1e0 CMakeFiles/nrf24l01_library.dir/C_/Pico/pico-sdk/src/rp2_common/pico_printf/printf.c.obj
 *fill*         0x10008744        0x4 
 .rodata.pow10.0
                0x10008748       0x50 CMakeFiles/nrf24l01_library.dir/C_/Pico/pico-sdk/src/rp2_common/pico_printf/printf.c.obj
 .rodata.__aeabi_double_init.str1.4
                0x10008798       0x9e CMakeFiles/nrf24l01_library.dir/C_/Pico/pico-sdk/src/rp2_common/pico_double/double_init_rom.c.obj
 *fill*         0x10008836        0x2 
 .rodata.__func__.0
                0x10008838       0x14 CMakeFiles/nrf24l01_library.dir/C_/Pico/pico-sdk/src/rp2_common/pico_double/double_init_rom.c.obj
 .rodata.__aeabi_float_init.str1.4
                0x1000884c       0x70 CMakeFiles/nrf24l01_library.dir/C_/Pico/pico-sdk/src/rp2_common/pico_float/float_init_rom.c.obj
                                 0x74 (size before relaxing)
 .rodata.__func__.0
                0x100088bc       0x13 CMakeFiles/nrf24l01_library.dir/C_/Pico/pico-sdk/src/rp2_common/pico_float/float_init_rom.c.obj
 *fill*         0x100088cf        0x1 
 .rodata.str1.4
                0x100088d0       0x48 CMakeFiles/nrf24l01_library.dir/C_/Pico/pico-sdk/src/rp2_common/pico_standard_link/binary_info.c.obj
 .rodata.__bi_44
                0x10008918        0xc CMakeFiles/nrf24l01_library.dir/C_/Pico/pico-sdk/src/rp2_common/pico_standard_link/binary_info.c.obj
 .rodata.__bi_75
                0x10008924        0xc CMakeFiles/nrf24l01_library.dir/C_/Pico/pico-sdk/src/rp2_common/pico_standard_link/binary_info.c.obj
 .rodata.__bi_81
                0x10008930        0xc CMakeFiles/nrf24l01_library.dir/C_/Pico/pico-sdk/src/rp2_common/pico_standard_link/binary_info.c.obj
 .rodata.stdout_serialize_begin.str1.4
                0x1000893c       0x57 CMakeFiles/nrf24l01_library.dir/C_/Pico/pico-sdk/src/rp2_common/pico_stdio/stdio.c.obj
 .rodata.__func__.3
                0x1000893c       0x15 CMakeFiles/nrf24l01_library.dir/C_/Pico/pico-sdk/src/rp2_common/pico_stdio/stdio.c.obj
 *fill*         0x10008951        0x3 
 .rodata.crlf_str.2
                0x10008954        0x2 CMakeFiles/nrf24l01_library.dir/C_/Pico/pico-sdk/src/rp2_common/pico_stdio/stdio.c.obj
 *fill*         0x10008956        0x2 
 .rodata._resetd_driver
                0x10008958       0x18 CMakeFiles/nrf24l01_library.dir/C_/Pico/pico-sdk/src/rp2_common/pico_stdio_usb/reset_interface.c.obj
 .rodata.low_priority_worker_irq.str1.4
                0x10008970       0x57 CMakeFiles/nrf24l01_library.dir/C_/Pico/pico-sdk/src/rp2_common/pico_stdio_usb/stdio_usb.c.obj
 .rodata.stdio_usb_init.str1.4
                0x10008970       0x3b CMakeFiles/nrf24l01_library.dir/C_/Pico/pico-sdk/src/rp2_common/pico_stdio_usb/stdio_usb.c.obj
                                 0x43 (size before relaxing)
 *fill*         0x100089ab        0x1 
 .rodata.str1.4
                0x100089ac       0x13 CMakeFiles/nrf24l01_library.dir/C_/Pico/pico-sdk/src/rp2_common/pico_stdio_usb/stdio_usb.c.obj
 *fill*         0x100089bf        0x1 
 .rodata.__bi_188.0
                0x100089c0        0xc CMakeFiles/nrf24l01_library.dir/C_/Pico/pico-sdk/src/rp2_common/pico_stdio_usb/stdio_usb.c.obj
 .rodata.__func__.1
                0x100089cc        0xf CMakeFiles/nrf24l01_library.dir/C_/Pico/pico-sdk/src/rp2_common/pico_stdio_usb/stdio_usb.c.obj
 *fill*         0x100089db        0x1 
 .rodata.__func__.3
                0x100089dc       0x15 CMakeFiles/nrf24l01_library.dir/C_/Pico/pico-sdk/src/rp2_common/pico_stdio_usb/stdio_usb.c.obj
 *fill*         0x100089f1        0x3 
 .rodata.str1.4
                0x100089f4       0x2a CMakeFiles/nrf24l01_library.dir/C_/Pico/pico-sdk/src/rp2_common/pico_stdio_usb/stdio_usb_descriptors.c.obj
 *fill*         0x10008a1e        0x2 
 .rodata.usbd_desc_cfg
                0x10008a20       0x54 CMakeFiles/nrf24l01_library.dir/C_/Pico/pico-sdk/src/rp2_common/pico_stdio_usb/stdio_usb_descriptors.c.obj
 .rodata.usbd_desc_device
                0x10008a74       0x12 CMakeFiles/nrf24l01_library.dir/C_/Pico/pico-sdk/src/rp2_common/pico_stdio_usb/stdio_usb_descriptors.c.obj
 *fill*         0x10008a86        0x2 
 .rodata.usbd_desc_str
                0x10008a88       0x18 CMakeFiles/nrf24l01_library.dir/C_/Pico/pico-sdk/src/rp2_common/pico_stdio_usb/stdio_usb_descriptors.c.obj
 .rodata.pico_get_unique_board_id_string.str1.4
                0x10008aa0       0x43 CMakeFiles/nrf24l01_library.dir/C_/Pico/pico-sdk/src/rp2_common/pico_unique_id/unique_id.c.obj
 *fill*         0x10008ae3        0x1 
 .rodata.__func__.0
                0x10008ae4       0x20 CMakeFiles/nrf24l01_library.dir/C_/Pico/pico-sdk/src/rp2_common/pico_unique_id/unique_id.c.obj
 .rodata.str1.4
                0x10008b04      0x14e CMakeFiles/nrf24l01_library.dir/C_/Pico/pico-sdk/src/rp2_common/hardware_flash/flash.c.obj
 *fill*         0x10008c52        0x2 
 .rodata.__func__.0
                0x10008c54        0xd CMakeFiles/nrf24l01_library.dir/C_/Pico/pico-sdk/src/rp2_common/hardware_flash/flash.c.obj
 *fill*         0x10008c61        0x3 
 .rodata._hw_endpoint_alloc.str1.4
                0x10008c64       0xad CMakeFiles/nrf24l01_library.dir/C_/Pico/pico-sdk/lib/tinyusb/src/portable/raspberrypi/rp2040/dcd_rp2040.c.obj
 *fill*         0x10008d11        0x3 
 .rodata.str1.4
                0x10008d14       0x14 CMakeFiles/nrf24l01_library.dir/C_/Pico/pico-sdk/lib/tinyusb/src/portable/raspberrypi/rp2040/dcd_rp2040.c.obj
 .rodata.dcd_int_enable.str1.4
                0x10008d28        0xc CMakeFiles/nrf24l01_library.dir/C_/Pico/pico-sdk/lib/tinyusb/src/portable/raspberrypi/rp2040/dcd_rp2040.c.obj
 .rodata.__func__.0
                0x10008d34        0xe CMakeFiles/nrf24l01_library.dir/C_/Pico/pico-sdk/lib/tinyusb/src/portable/raspberrypi/rp2040/dcd_rp2040.c.obj
 *fill*         0x10008d42        0x2 
 .rodata.__func__.1
                0x10008d44        0xe CMakeFiles/nrf24l01_library.dir/C_/Pico/pico-sdk/lib/tinyusb/src/portable/raspberrypi/rp2040/dcd_rp2040.c.obj
 *fill*         0x10008d52        0x2 
 .rodata.__func__.3
                0x10008d54       0x10 CMakeFiles/nrf24l01_library.dir/C_/Pico/pico-sdk/lib/tinyusb/src/portable/raspberrypi/rp2040/dcd_rp2040.c.obj
 .rodata.__func__.5
                0x10008d64        0xf CMakeFiles/nrf24l01_library.dir/C_/Pico/pico-sdk/lib/tinyusb/src/portable/raspberrypi/rp2040/dcd_rp2040.c.obj
 *fill*         0x10008d73        0x1 
 .rodata.__func__.6
                0x10008d74       0x13 CMakeFiles/nrf24l01_library.dir/C_/Pico/pico-sdk/lib/tinyusb/src/portable/raspberrypi/rp2040/dcd_rp2040.c.obj
 *fill*         0x10008d87        0x1 
 .rodata.__func__.7
                0x10008d88        0x9 CMakeFiles/nrf24l01_library.dir/C_/Pico/pico-sdk/lib/tinyusb/src/portable/raspberrypi/rp2040/dcd_rp2040.c.obj
 *fill*         0x10008d91        0x3 
 .rodata.str1.4
                0x10008d94       0xdf CMakeFiles/nrf24l01_library.dir/C_/Pico/pico-sdk/lib/tinyusb/src/portable/raspberrypi/rp2040/rp2040_usb.c.obj
 *fill*         0x10008e73        0x1 
 .rodata.__func__.0
                0x10008e74        0xf CMakeFiles/nrf24l01_library.dir/C_/Pico/pico-sdk/lib/tinyusb/src/portable/raspberrypi/rp2040/rp2040_usb.c.obj
 *fill*         0x10008e83        0x1 
 .rodata.process_get_descriptor
                0x10008e84       0x40 CMakeFiles/nrf24l01_library.dir/C_/Pico/pico-sdk/lib/tinyusb/src/device/usbd.c.obj
 .rodata.process_control_request
                0x10008ec4       0x28 CMakeFiles/nrf24l01_library.dir/C_/Pico/pico-sdk/lib/tinyusb/src/device/usbd.c.obj
 .rodata.tud_task_ext
                0x10008eec       0x24 CMakeFiles/nrf24l01_library.dir/C_/Pico/pico-sdk/lib/tinyusb/src/device/usbd.c.obj
 .rodata._usbd_driver
                0x10008f10       0x18 CMakeFiles/nrf24l01_library.dir/C_/Pico/pico-sdk/lib/tinyusb/src/device/usbd.c.obj
 .rodata.nrf_write_and_validate_reg
                0x10008f28       0x60 ..\Library\liblibrary.a(nrf24l01.c.obj)
 .rodata.nrf_set_mode
                0x10008f88       0x14 ..\Library\liblibrary.a(nrf24l01.c.obj)
                0x10008f9c                . = ALIGN (0x4)
 *(SORT_BY_ALIGNMENT(SORT_BY_NAME(.flashdata*)))
                0x10008f9c                . = ALIGN (0x4)

.rel.dyn        0x10008f9c        0x0
 .rel.iplt      0x10008f9c        0x0 c:/progra~2/gnuarm~1/102021~1.10/bin/../lib/gcc/arm-none-eabi/10.3.1/thumb/v6-m/nofp/crtbegin.o

.ARM.extab
 *(.ARM.extab* .gnu.linkonce.armextab.*)
                0x10008f9c                __exidx_start = .

.ARM.exidx
 *(.ARM.exidx* .gnu.linkonce.armexidx.*)
                0x10008f9c                __exidx_end = .
                0x10008f9c                . = ALIGN (0x4)
                0x10008f9c                __binary_info_start = .

.binary_info    0x10008f9c       0x20
 *(.binary_info.keep.*)
 .binary_info.keep.__bi_ptr22
                0x10008f9c        0x4 CMakeFiles/nrf24l01_library.dir/C_/Pico/pico-sdk/src/rp2_common/pico_standard_link/binary_info.c.obj
 .binary_info.keep.__bi_ptr30
                0x10008fa0        0x4 CMakeFiles/nrf24l01_library.dir/C_/Pico/pico-sdk/src/rp2_common/pico_standard_link/binary_info.c.obj
 .binary_info.keep.__bi_ptr38
                0x10008fa4        0x4 CMakeFiles/nrf24l01_library.dir/C_/Pico/pico-sdk/src/rp2_common/pico_standard_link/binary_info.c.obj
 .binary_info.keep.__bi_ptr44
                0x10008fa8        0x4 CMakeFiles/nrf24l01_library.dir/C_/Pico/pico-sdk/src/rp2_common/pico_standard_link/binary_info.c.obj
 .binary_info.keep.__bi_ptr50
                0x10008fac        0x4 CMakeFiles/nrf24l01_library.dir/C_/Pico/pico-sdk/src/rp2_common/pico_standard_link/binary_info.c.obj
 .binary_info.keep.__bi_ptr75
                0x10008fb0        0x4 CMakeFiles/nrf24l01_library.dir/C_/Pico/pico-sdk/src/rp2_common/pico_standard_link/binary_info.c.obj
 .binary_info.keep.__bi_ptr81
                0x10008fb4        0x4 CMakeFiles/nrf24l01_library.dir/C_/Pico/pico-sdk/src/rp2_common/pico_standard_link/binary_info.c.obj
 *(.binary_info.*)
 .binary_info.__bi_ptr188
                0x10008fb8        0x4 CMakeFiles/nrf24l01_library.dir/C_/Pico/pico-sdk/src/rp2_common/pico_stdio_usb/stdio_usb.c.obj
                0x10008fbc                __binary_info_end = .
                0x10008fbc                . = ALIGN (0x4)
                0x10008fbc                __etext = .

.ram_vector_table
                0x20000000       0xc0
 *(.ram_vector_table)
 .ram_vector_table
                0x20000000       0xc0 CMakeFiles/nrf24l01_library.dir/C_/Pico/pico-sdk/src/rp2_common/pico_runtime/runtime.c.obj
                0x20000000                ram_vector_table

.data           0x200000c0      0xc90 load address 0x10008fbc
                0x200000c0                __data_start__ = .
 *(vtable)
 *(.time_critical*)
 .time_critical.spi_write_blocking
                0x200000c0       0x3a CMakeFiles/nrf24l01_library.dir/C_/Pico/pico-sdk/src/rp2_common/hardware_spi/spi.c.obj
                0x200000c0                spi_write_blocking
 .time_critical.spi_read_blocking
                0x200000fa       0x3e CMakeFiles/nrf24l01_library.dir/C_/Pico/pico-sdk/src/rp2_common/hardware_spi/spi.c.obj
                0x200000fa                spi_read_blocking
 .time_critical.mutex_try_enter
                0x20000138       0x46 CMakeFiles/nrf24l01_library.dir/C_/Pico/pico-sdk/src/common/pico_sync/mutex.c.obj
                0x20000138                mutex_try_enter
 *fill*         0x2000017e        0x2 
 .time_critical.mutex_enter_block_until
                0x20000180       0x8c CMakeFiles/nrf24l01_library.dir/C_/Pico/pico-sdk/src/common/pico_sync/mutex.c.obj
                0x20000180                mutex_enter_block_until
 .time_critical.mutex_try_enter_block_until
                0x2000020c       0x34 CMakeFiles/nrf24l01_library.dir/C_/Pico/pico-sdk/src/common/pico_sync/mutex.c.obj
                0x2000020c                mutex_try_enter_block_until
 .time_critical.mutex_enter_timeout_ms
                0x20000240       0x68 CMakeFiles/nrf24l01_library.dir/C_/Pico/pico-sdk/src/common/pico_sync/mutex.c.obj
                0x20000240                mutex_enter_timeout_ms
 .time_critical.mutex_exit
                0x200002a8       0x4c CMakeFiles/nrf24l01_library.dir/C_/Pico/pico-sdk/src/common/pico_sync/mutex.c.obj
                0x200002a8                mutex_exit
 .time_critical.flash_init_boot2_copyout
                0x200002f4       0x30 CMakeFiles/nrf24l01_library.dir/C_/Pico/pico-sdk/src/rp2_common/hardware_flash/flash.c.obj
 .time_critical.flash_enable_xip_via_boot2
                0x20000324       0x10 CMakeFiles/nrf24l01_library.dir/C_/Pico/pico-sdk/src/rp2_common/hardware_flash/flash.c.obj
 .time_critical.flash_cs_force
                0x20000334       0x28 CMakeFiles/nrf24l01_library.dir/C_/Pico/pico-sdk/src/rp2_common/hardware_flash/flash.c.obj
 .time_critical.flash_do_cmd
                0x2000035c       0xd8 CMakeFiles/nrf24l01_library.dir/C_/Pico/pico-sdk/src/rp2_common/hardware_flash/flash.c.obj
                0x2000035c                flash_do_cmd
 .time_critical.reset_non_control_endpoints
                0x20000434       0x40 CMakeFiles/nrf24l01_library.dir/C_/Pico/pico-sdk/lib/tinyusb/src/portable/raspberrypi/rp2040/dcd_rp2040.c.obj
 .time_critical.hw_handle_buff_status
                0x20000474       0xa4 CMakeFiles/nrf24l01_library.dir/C_/Pico/pico-sdk/lib/tinyusb/src/portable/raspberrypi/rp2040/dcd_rp2040.c.obj
 .time_critical.dcd_rp2040_irq
                0x20000518      0x1cc CMakeFiles/nrf24l01_library.dir/C_/Pico/pico-sdk/lib/tinyusb/src/portable/raspberrypi/rp2040/dcd_rp2040.c.obj
 .time_critical.e15_is_bulkin_ep
                0x200006e4       0x2c CMakeFiles/nrf24l01_library.dir/C_/Pico/pico-sdk/lib/tinyusb/src/portable/raspberrypi/rp2040/rp2040_usb.c.obj
 .time_critical.e15_is_critical_frame_period
                0x20000710       0x30 CMakeFiles/nrf24l01_library.dir/C_/Pico/pico-sdk/lib/tinyusb/src/portable/raspberrypi/rp2040/rp2040_usb.c.obj
 .time_critical.prepare_ep_buffer
                0x20000740       0x70 CMakeFiles/nrf24l01_library.dir/C_/Pico/pico-sdk/lib/tinyusb/src/portable/raspberrypi/rp2040/rp2040_usb.c.obj
 .time_critical.sync_ep_buffer
                0x200007b0       0x80 CMakeFiles/nrf24l01_library.dir/C_/Pico/pico-sdk/lib/tinyusb/src/portable/raspberrypi/rp2040/rp2040_usb.c.obj
 .time_critical._hw_endpoint_xfer_sync
                0x20000830       0x28 CMakeFiles/nrf24l01_library.dir/C_/Pico/pico-sdk/lib/tinyusb/src/portable/raspberrypi/rp2040/rp2040_usb.c.obj
 .time_critical.hw_endpoint_reset_transfer
                0x20000858        0xc CMakeFiles/nrf24l01_library.dir/C_/Pico/pico-sdk/lib/tinyusb/src/portable/raspberrypi/rp2040/rp2040_usb.c.obj
                0x20000858                hw_endpoint_reset_transfer
 .time_critical._hw_endpoint_buffer_control_update32
                0x20000864       0x58 CMakeFiles/nrf24l01_library.dir/C_/Pico/pico-sdk/lib/tinyusb/src/portable/raspberrypi/rp2040/rp2040_usb.c.obj
                0x20000864                _hw_endpoint_buffer_control_update32
 .time_critical.hw_endpoint_start_next_buffer
                0x200008bc       0x88 CMakeFiles/nrf24l01_library.dir/C_/Pico/pico-sdk/lib/tinyusb/src/portable/raspberrypi/rp2040/rp2040_usb.c.obj
                0x200008bc                hw_endpoint_start_next_buffer
 .time_critical.hw_endpoint_xfer_continue
                0x20000944       0x50 CMakeFiles/nrf24l01_library.dir/C_/Pico/pico-sdk/lib/tinyusb/src/portable/raspberrypi/rp2040/rp2040_usb.c.obj
                0x20000944                hw_endpoint_xfer_continue
 .time_critical.tinyusb
                0x20000994      0x1ec CMakeFiles/nrf24l01_library.dir/C_/Pico/pico-sdk/lib/tinyusb/src/device/usbd.c.obj
                0x20000994                dcd_event_handler
 *(.text*)
 .text          0x20000b80        0x4 c:/progra~2/gnuarm~1/102021~1.10/bin/../lib/gcc/arm-none-eabi/10.3.1/thumb/v6-m/nofp\libgcc.a(_dvmd_tls.o)
                0x20000b80                __aeabi_idiv0
                0x20000b80                __aeabi_ldiv0
 *fill*         0x20000b84        0x4 
 .text.__stub   0x20000b88       0x90 linker stubs
                0x20000c18                . = ALIGN (0x4)
 *(.rodata*)
                0x20000c18                . = ALIGN (0x4)
 *(.data*)
 .data.striped_spin_lock_num
                0x20000c18        0x1 CMakeFiles/nrf24l01_library.dir/C_/Pico/pico-sdk/src/rp2_common/hardware_sync/sync.c.obj
 *fill*         0x20000c19        0x3 
 .data          0x20000c1c       0x48 CMakeFiles/nrf24l01_library.dir/C_/Pico/pico-sdk/src/rp2_common/hardware_irq/irq_handler_chain.S.obj
                0x20000c1c                irq_handler_chain_slots
                0x20000c4c                irq_handler_chain_first_slot
                0x20000c56                irq_handler_chain_remove_tail
 .data.default_alarm_pool
                0x20000c64       0x18 CMakeFiles/nrf24l01_library.dir/C_/Pico/pico-sdk/src/common/pico_time/time.c.obj
 .data.default_alarm_pool_heap
                0x20000c7c       0x10 CMakeFiles/nrf24l01_library.dir/C_/Pico/pico-sdk/src/common/pico_time/time.c.obj
 *fill*         0x20000c8c        0x4 
 .data.aeabi_bits_funcs
                0x20000c90       0x10 CMakeFiles/nrf24l01_library.dir/C_/Pico/pico-sdk/src/rp2_common/pico_bit_ops/bit_ops_aeabi.S.obj
                0x20000c90                aeabi_bits_funcs
                0x20000ca0                aeabi_bits_funcs_end
 .data.aeabi_mem_funcs
                0x20000ca0       0x10 CMakeFiles/nrf24l01_library.dir/C_/Pico/pico-sdk/src/rp2_common/pico_mem_ops/mem_ops_aeabi.S.obj
                0x20000ca0                aeabi_mem_funcs
                0x20000cb0                aeabi_mem_funcs_end
 .data.stdio_usb
                0x20000cb0       0x18 CMakeFiles/nrf24l01_library.dir/C_/Pico/pico-sdk/src/rp2_common/pico_stdio_usb/stdio_usb.c.obj
                0x20000cb0                stdio_usb
 .data.ep_dir_string
                0x20000cc8        0x8 CMakeFiles/nrf24l01_library.dir/C_/Pico/pico-sdk/lib/tinyusb/src/portable/raspberrypi/rp2040/rp2040_usb.c.obj
                0x20000cc8                ep_dir_string
 .data._usbd_qdef
                0x20000cd0       0x1c CMakeFiles/nrf24l01_library.dir/C_/Pico/pico-sdk/lib/tinyusb/src/device/usbd.c.obj
                0x20000cd0                _usbd_qdef
 .data._usbd_rhport
                0x20000cec        0x1 CMakeFiles/nrf24l01_library.dir/C_/Pico/pico-sdk/lib/tinyusb/src/device/usbd.c.obj
 *fill*         0x20000ced        0x3 
 .data.nrf_driver
                0x20000cf0       0x40 ..\Library\liblibrary.a(nrf24l01.c.obj)
                0x20000cf0                nrf_driver
                0x20000d30                . = ALIGN (0x4)
 *(.after_data.*)
                0x20000d30                . = ALIGN (0x4)
                0x20000d30                PROVIDE (__mutex_array_start = .)
 *(SORT_BY_NAME(.mutex_array.*))
 *(.mutex_array)
 .mutex_array   0x20000d30        0x8 CMakeFiles/nrf24l01_library.dir/C_/Pico/pico-sdk/src/rp2_common/pico_stdio/stdio.c.obj
                0x20000d38                PROVIDE (__mutex_array_end = .)
                0x20000d38                . = ALIGN (0x4)
                0x20000d38                PROVIDE (__preinit_array_start = .)
 *(SORT_BY_NAME(.preinit_array.*))
 .preinit_array.00001
                0x20000d38        0x4 CMakeFiles/nrf24l01_library.dir/C_/Pico/pico-sdk/src/rp2_common/pico_mem_ops/mem_ops_aeabi.S.obj
 .preinit_array.00010
                0x20000d3c        0x4 CMakeFiles/nrf24l01_library.dir/C_/Pico/pico-sdk/src/rp2_common/pico_bit_ops/bit_ops_aeabi.S.obj
 .preinit_array.00020
                0x20000d40        0x4 CMakeFiles/nrf24l01_library.dir/C_/Pico/pico-sdk/src/rp2_common/pico_double/double_aeabi.S.obj
 .preinit_array.00020
                0x20000d44        0x4 CMakeFiles/nrf24l01_library.dir/C_/Pico/pico-sdk/src/rp2_common/pico_float/float_aeabi.S.obj
 *(.preinit_array)
                0x20000d48                PROVIDE (__preinit_array_end = .)
                0x20000d48                . = ALIGN (0x4)
                0x20000d48                PROVIDE (__init_array_start = .)
 *(SORT_BY_NAME(.init_array.*))
 *(.init_array)
 .init_array    0x20000d48        0x4 c:/progra~2/gnuarm~1/102021~1.10/bin/../lib/gcc/arm-none-eabi/10.3.1/thumb/v6-m/nofp/crtbegin.o
 .init_array    0x20000d4c        0x4 CMakeFiles/nrf24l01_library.dir/C_/Pico/pico-sdk/src/rp2_common/pico_unique_id/unique_id.c.obj
                0x20000d50                PROVIDE (__init_array_end = .)
                0x20000d50                . = ALIGN (0x4)
                [!provide]                PROVIDE (__fini_array_start = .)
 *(SORT_BY_NAME(.fini_array.*))
 *(.fini_array)
                [!provide]                PROVIDE (__fini_array_end = .)
 *(.jcr)
                0x20000d50                . = ALIGN (0x4)
                0x20000d50                __data_end__ = .

.igot.plt       0x20000d50        0x0 load address 0x10009c4c
 .igot.plt      0x20000d50        0x0 c:/progra~2/gnuarm~1/102021~1.10/bin/../lib/gcc/arm-none-eabi/10.3.1/thumb/v6-m/nofp/crtbegin.o

.uninitialized_data
                0x20000d50        0x0 load address 0x10009c4c
                0x20000d50                . = ALIGN (0x4)
 *(.uninitialized_data*)

.scratch_x      0x20040000        0x0 load address 0x10009c4c
                0x20040000                __scratch_x_start__ = .
 *(.scratch_x.*)
                0x20040000                . = ALIGN (0x4)
                0x20040000                __scratch_x_end__ = .
                0x10009c4c                __scratch_x_source__ = LOADADDR (.scratch_x)

.scratch_y      0x20041000        0x0 load address 0x10009c4c
                0x20041000                __scratch_y_start__ = .
 *(.scratch_y.*)
                0x20041000                . = ALIGN (0x4)
                0x20041000                __scratch_y_end__ = .
                0x10009c4c                __scratch_y_source__ = LOADADDR (.scratch_y)

.bss            0x20000d50      0xd84
                0x20000d50                . = ALIGN (0x4)
                0x20000d50                __bss_start__ = .
 *(SORT_BY_ALIGNMENT(SORT_BY_NAME(.bss*)))